# Jean Claude Zarate <jzarate@wpi.edu>
Jan 13 14:23:38 pop-os-ubunty rsyslogd: [origin software="rsyslogd" swVersion="8.16.0" x-pid="1831" x-info="http://www.rsyslog.com"] start
Jan 13 14:23:38 pop-os-ubunty rsyslogd-2222: command 'KLogPermitNonKernelFacility' is currently not permitted - did you already set it via a RainerScript command (v6+ config)? [v8.16.0 try http://www.rsyslog.com/e/2222 ]
Jan 13 14:23:38 pop-os-ubunty rsyslogd: rsyslogd's groupid changed to 108
Jan 13 14:23:38 pop-os-ubunty rsyslogd: rsyslogd's userid changed to 104
Jan 13 14:23:38 pop-os-ubunty systemd-modules-load[666]: Inserted module 'lp'
Jan 13 14:23:38 pop-os-ubunty systemd-modules-load[666]: Inserted module 'ppdev'
Jan 13 14:23:38 pop-os-ubunty loadkeys[661]: Loading /etc/console-setup/cached.kmap.gz
Jan 13 14:23:38 pop-os-ubunty systemd-modules-load[666]: Inserted module 'parport_pc'
Jan 13 14:23:38 pop-os-ubunty systemd[1]: Started Set console keymap.
Jan 13 14:23:38 pop-os-ubunty kernel: [    0.000000] Initializing cgroup subsys cpuset
Jan 13 14:23:38 pop-os-ubunty systemd[1]: Started Load Kernel Modules.
Jan 13 14:23:38 pop-os-ubunty systemd[1]: Mounting FUSE Control File System...
Jan 13 14:23:38 pop-os-ubunty kernel: [    0.000000] Initializing cgroup subsys cpu
Jan 13 14:23:38 pop-os-ubunty systemd[1]: Starting Apply Kernel Variables...
Jan 13 14:23:38 pop-os-ubunty kernel: [    0.000000] Initializing cgroup subsys cpuacct
Jan 13 14:23:38 pop-os-ubunty kernel: [    0.000000] Linux version 4.4.0-31-generic (buildd@lgw01-58) (gcc version 5.3.1 20160413 (Ubuntu 5.3.1-14ubuntu2.1) ) #50-Ubuntu SMP Wed Jul 13 00:06:14 UTC 2016 (Ubuntu 4.4.0-31.50-generic 4.4.13)
Jan 13 14:23:38 pop-os-ubunty kernel: [    0.000000] KERNEL supported cpus:
Jan 13 14:23:38 pop-os-ubunty systemd[1]: Mounted FUSE Control File System.
Jan 13 14:23:38 pop-os-ubunty systemd[1]: Started Apply Kernel Variables.
Jan 13 14:23:38 pop-os-ubunty kernel: [    0.000000]   Intel GenuineIntel
Jan 13 14:23:38 pop-os-ubunty kernel: [    0.000000]   AMD AuthenticAMD
Jan 13 14:23:38 pop-os-ubunty kernel: [    0.000000]   NSC Geode by NSC
Jan 13 14:23:38 pop-os-ubunty systemd[1]: Started Create Static Device Nodes in /dev.
Jan 13 14:23:38 pop-os-ubunty kernel: [    0.000000]   Cyrix CyrixInstead
Jan 13 14:23:38 pop-os-ubunty kernel: [    0.000000]   Centaur CentaurHauls
Jan 13 14:23:38 pop-os-ubunty kernel: [    0.000000]   Transmeta GenuineTMx86
Jan 13 14:23:38 pop-os-ubunty kernel: [    0.000000]   Transmeta TransmetaCPU
Jan 13 14:23:38 pop-os-ubunty systemd[1]: Starting udev Kernel Device Manager...
Jan 13 14:23:38 pop-os-ubunty kernel: [    0.000000]   UMC UMC UMC UMC
Jan 13 14:23:38 pop-os-ubunty kernel: [    0.000000] x86/fpu: xstate_offset[2]:  576, xstate_sizes[2]:  256
Jan 13 14:23:38 pop-os-ubunty systemd[1]: Started udev Kernel Device Manager.
Jan 13 14:23:38 pop-os-ubunty kernel: [    0.000000] x86/fpu: Supporting XSAVE feature 0x01: 'x87 floating point registers'
Jan 13 14:23:38 pop-os-ubunty kernel: [    0.000000] x86/fpu: Supporting XSAVE feature 0x02: 'SSE registers'
Jan 13 14:23:38 pop-os-ubunty kernel: [    0.000000] x86/fpu: Supporting XSAVE feature 0x04: 'AVX registers'
Jan 13 14:23:38 pop-os-ubunty kernel: [    0.000000] x86/fpu: Enabled xstate features 0x7, context size is 832 bytes, using 'standard' format.
Jan 13 14:23:38 pop-os-ubunty kernel: [    0.000000] x86/fpu: Using 'lazy' FPU context switches.
Jan 13 14:23:38 pop-os-ubunty systemd[1]: Starting Remount Root and Kernel File Systems...
Jan 13 14:23:38 pop-os-ubunty kernel: [    0.000000] e820: BIOS-provided physical RAM map:
Jan 13 14:23:38 pop-os-ubunty kernel: [    0.000000] BIOS-e820: [mem 0x0000000000000000-0x000000000009fbff] usable
Jan 13 14:23:38 pop-os-ubunty systemd[1]: Started Remount Root and Kernel File Systems.
Jan 13 14:23:38 pop-os-ubunty kernel: [    0.000000] BIOS-e820: [mem 0x000000000009fc00-0x000000000009ffff] reserved
Jan 13 14:23:38 pop-os-ubunty kernel: [    0.000000] BIOS-e820: [mem 0x00000000000f0000-0x00000000000fffff] reserved
Jan 13 14:23:38 pop-os-ubunty kernel: [    0.000000] BIOS-e820: [mem 0x0000000000100000-0x00000000bcceffff] usable
Jan 13 14:23:38 pop-os-ubunty systemd[1]: Starting Load/Save Random Seed...
Jan 13 14:23:38 pop-os-ubunty systemd[1]: Starting Flush Journal to Persistent Storage...
Jan 13 14:23:38 pop-os-ubunty systemd[1]: Starting udev Coldplug all Devices...
Jan 13 14:23:38 pop-os-ubunty systemd[1]: Reached target Local File Systems (Pre).
Jan 13 14:23:38 pop-os-ubunty kernel: [    0.000000] BIOS-e820: [mem 0x00000000bccf0000-0x00000000bccfffff] ACPI data
Jan 13 14:23:38 pop-os-ubunty systemd[1]: Reached target Local File Systems.
Jan 13 14:23:38 pop-os-ubunty kernel: [    0.000000] BIOS-e820: [mem 0x00000000fec00000-0x00000000fec00fff] reserved
Jan 13 14:23:38 pop-os-ubunty kernel: [    0.000000] BIOS-e820: [mem 0x00000000fee00000-0x00000000fee00fff] reserved
Jan 13 14:23:38 pop-os-ubunty kernel: [    0.000000] BIOS-e820: [mem 0x00000000fffc0000-0x00000000ffffffff] reserved
Jan 13 14:23:38 pop-os-ubunty systemd[1]: Starting Clean up any mess left by 0dns-up...
Jan 13 14:23:38 pop-os-ubunty kernel: [    0.000000] NX (Execute Disable) protection: active
Jan 13 14:23:38 pop-os-ubunty kernel: [    0.000000] SMBIOS 2.5 present.
Jan 13 14:23:38 pop-os-ubunty kernel: [    0.000000] DMI: innotek GmbH VirtualBox/VirtualBox, BIOS VirtualBox 12/01/2006
Jan 13 14:23:38 pop-os-ubunty kernel: [    0.000000] Hypervisor detected: KVM
Jan 13 14:23:38 pop-os-ubunty kernel: [    0.000000] e820: update [mem 0x00000000-0x00000fff] usable ==> reserved
Jan 13 14:23:38 pop-os-ubunty systemd[1]: Starting Tell Plymouth To Write Out Runtime Data...
Jan 13 14:23:38 pop-os-ubunty kernel: [    0.000000] e820: remove [mem 0x000a0000-0x000fffff] usable
Jan 13 14:23:38 pop-os-ubunty kernel: [    0.000000] e820: last_pfn = 0xbccf0 max_arch_pfn = 0x1000000
Jan 13 14:23:38 pop-os-ubunty systemd[1]: Starting Set console font and keymap...
Jan 13 14:23:38 pop-os-ubunty kernel: [    0.000000] MTRR default type: uncachable
Jan 13 14:23:38 pop-os-ubunty kernel: [    0.000000] MTRR variable ranges disabled:
Jan 13 14:23:38 pop-os-ubunty kernel: [    0.000000] x86/PAT: Configuration [0-7]: WB  WC  UC- UC  WB  WC  UC- WT  
Jan 13 14:23:38 pop-os-ubunty kernel: [    0.000000] MTRR: Disabled
Jan 13 14:23:38 pop-os-ubunty kernel: [    0.000000] CPU MTRRs all blank - virtualized system.
Jan 13 14:23:38 pop-os-ubunty systemd[1]: Starting Commit a transient machine-id on disk...
Jan 13 14:23:38 pop-os-ubunty kernel: [    0.000000] Scanning 1 areas for low memory corruption
Jan 13 14:23:38 pop-os-ubunty kernel: [    0.000000] initial memory mapped: [mem 0x00000000-0x021fffff]
Jan 13 14:23:38 pop-os-ubunty systemd[1]: Starting LSB: AppArmor initialization...
Jan 13 14:23:38 pop-os-ubunty kernel: [    0.000000] Base memory trampoline at [c009b000] 9b000 size 16384
Jan 13 14:23:38 pop-os-ubunty kernel: [    0.000000] BRK [0x01d54000, 0x01d54fff] PGTABLE
Jan 13 14:23:38 pop-os-ubunty kernel: [    0.000000] BRK [0x01d55000, 0x01d55fff] PGTABLE
Jan 13 14:23:38 pop-os-ubunty kernel: [    0.000000] RAMDISK: [mem 0x33ce2000-0x35e68fff]
Jan 13 14:23:38 pop-os-ubunty systemd[1]: Started Load/Save Random Seed.
Jan 13 14:23:38 pop-os-ubunty kernel: [    0.000000] ACPI: Early table checksum verification disabled
Jan 13 14:23:38 pop-os-ubunty kernel: [    0.000000] ACPI: RSDP 0x00000000000E0000 000024 (v02 VBOX  )
Jan 13 14:23:38 pop-os-ubunty kernel: [    0.000000] ACPI: XSDT 0x00000000BCCF0030 00003C (v01 VBOX   VBOXXSDT 00000001 ASL  00000061)
Jan 13 14:23:38 pop-os-ubunty systemd[1]: Started Tell Plymouth To Write Out Runtime Data.
Jan 13 14:23:38 pop-os-ubunty kernel: [    0.000000] ACPI: FACP 0x00000000BCCF00F0 0000F4 (v04 VBOX   VBOXFACP 00000001 ASL  00000061)
Jan 13 14:23:38 pop-os-ubunty kernel: [    0.000000] ACPI: DSDT 0x00000000BCCF0490 0022EA (v02 VBOX   VBOXBIOS 00000002 INTL 20180105)
Jan 13 14:23:38 pop-os-ubunty kernel: [    0.000000] ACPI: FACS 0x00000000BCCF0200 000040
Jan 13 14:23:38 pop-os-ubunty kernel: [    0.000000] ACPI: FACS 0x00000000BCCF0200 000040
Jan 13 14:23:38 pop-os-ubunty kernel: [    0.000000] ACPI: APIC 0x00000000BCCF0240 00007C (v02 VBOX   VBOXAPIC 00000001 ASL  00000061)
Jan 13 14:23:38 pop-os-ubunty systemd[1]: Started Clean up any mess left by 0dns-up.
Jan 13 14:23:38 pop-os-ubunty kernel: [    0.000000] ACPI: SSDT 0x00000000BCCF02C0 0001CC (v01 VBOX   VBOXCPUT 00000002 INTL 20180105)
Jan 13 14:23:38 pop-os-ubunty kernel: [    0.000000] ACPI: Local APIC address 0xfee00000
Jan 13 14:23:38 pop-os-ubunty kernel: [    0.000000] 2128MB HIGHMEM available.
Jan 13 14:23:38 pop-os-ubunty kernel: [    0.000000] 891MB LOWMEM available.
Jan 13 14:23:38 pop-os-ubunty kernel: [    0.000000]   mapped low ram: 0 - 37bfe000
Jan 13 14:23:38 pop-os-ubunty kernel: [    0.000000]   low ram: 0 - 37bfe000
Jan 13 14:23:38 pop-os-ubunty systemd[1]: Started Flush Journal to Persistent Storage.
Jan 13 14:23:38 pop-os-ubunty kernel: [    0.000000] kvm-clock: Using msrs 4b564d01 and 4b564d00
Jan 13 14:23:38 pop-os-ubunty kernel: [    0.000000] kvm-clock: cpu 0, msr 0:37bfd001, primary cpu clock
Jan 13 14:23:38 pop-os-ubunty kernel: [    0.000000] kvm-clock: using sched offset of 805353114297 cycles
Jan 13 14:23:38 pop-os-ubunty kernel: [    0.000000] clocksource: kvm-clock: mask: 0xffffffffffffffff max_cycles: 0x1cd42e4dffb, max_idle_ns: 881590591483 ns
Jan 13 14:23:38 pop-os-ubunty systemd[1]: Starting Create Volatile Files and Directories...
Jan 13 14:23:38 pop-os-ubunty kernel: [    0.000000] Zone ranges:
Jan 13 14:23:38 pop-os-ubunty kernel: [    0.000000]   DMA      [mem 0x0000000000001000-0x0000000000ffffff]
Jan 13 14:23:38 pop-os-ubunty systemd[1]: Starting Nameserver information manager...
Jan 13 14:23:38 pop-os-ubunty kernel: [    0.000000]   Normal   [mem 0x0000000001000000-0x0000000037bfdfff]
Jan 13 14:23:38 pop-os-ubunty kernel: [    0.000000]   HighMem  [mem 0x0000000037bfe000-0x00000000bcceffff]
Jan 13 14:23:38 pop-os-ubunty kernel: [    0.000000] Movable zone start for each node
Jan 13 14:23:38 pop-os-ubunty kernel: [    0.000000] Early memory node ranges
Jan 13 14:23:38 pop-os-ubunty systemd-tmpfiles[889]: [/usr/lib/tmpfiles.d/var.conf:14] Duplicate line for path "/var/log", ignoring.
Jan 13 14:23:38 pop-os-ubunty kernel: [    0.000000]   node   0: [mem 0x0000000000001000-0x000000000009efff]
Jan 13 14:23:38 pop-os-ubunty kernel: [    0.000000]   node   0: [mem 0x0000000000100000-0x00000000bcceffff]
Jan 13 14:23:38 pop-os-ubunty systemd[1]: Started udev Coldplug all Devices.
Jan 13 14:23:38 pop-os-ubunty kernel: [    0.000000] Initmem setup node 0 [mem 0x0000000000001000-0x00000000bcceffff]
Jan 13 14:23:38 pop-os-ubunty kernel: [    0.000000] On node 0 totalpages: 773262
Jan 13 14:23:38 pop-os-ubunty kernel: [    0.000000]   DMA zone: 40 pages used for memmap
Jan 13 14:23:38 pop-os-ubunty kernel: [    0.000000]   DMA zone: 0 pages reserved
Jan 13 14:23:38 pop-os-ubunty kernel: [    0.000000]   DMA zone: 3998 pages, LIFO batch:0
Jan 13 14:23:38 pop-os-ubunty kernel: [    0.000000]   Normal zone: 2190 pages used for memmap
Jan 13 14:23:38 pop-os-ubunty systemd[1]: Started Nameserver information manager.
Jan 13 14:23:38 pop-os-ubunty kernel: [    0.000000]   Normal zone: 224254 pages, LIFO batch:31
Jan 13 14:23:38 pop-os-ubunty kernel: [    0.000000]   HighMem zone: 545010 pages, LIFO batch:31
Jan 13 14:23:38 pop-os-ubunty apparmor[759]:  * Starting AppArmor profiles
Jan 13 14:23:38 pop-os-ubunty kernel: [    0.000000] Using APIC driver default
Jan 13 14:23:38 pop-os-ubunty kernel: [    0.000000] ACPI: PM-Timer IO Port: 0x4008
Jan 13 14:23:38 pop-os-ubunty kernel: [    0.000000] ACPI: Local APIC address 0xfee00000
Jan 13 14:23:38 pop-os-ubunty kernel: [    0.000000] IOAPIC[0]: apic_id 6, version 32, address 0xfec00000, GSI 0-23
Jan 13 14:23:38 pop-os-ubunty kernel: [    0.000000] ACPI: INT_SRC_OVR (bus 0 bus_irq 0 global_irq 2 dfl dfl)
Jan 13 14:23:38 pop-os-ubunty systemd[1]: Started Create Volatile Files and Directories.
Jan 13 14:23:38 pop-os-ubunty kernel: [    0.000000] ACPI: INT_SRC_OVR (bus 0 bus_irq 9 global_irq 9 low level)
Jan 13 14:23:38 pop-os-ubunty kernel: [    0.000000] ACPI: IRQ0 used by override.
Jan 13 14:23:38 pop-os-ubunty kernel: [    0.000000] ACPI: IRQ9 used by override.
Jan 13 14:23:38 pop-os-ubunty systemd[1]: Started Commit a transient machine-id on disk.
Jan 13 14:23:38 pop-os-ubunty kernel: [    0.000000] Using ACPI (MADT) for SMP configuration information
Jan 13 14:23:38 pop-os-ubunty kernel: [    0.000000] smpboot: Allowing 6 CPUs, 0 hotplug CPUs
Jan 13 14:23:38 pop-os-ubunty kernel: [    0.000000] PM: Registered nosave memory: [mem 0x00000000-0x00000fff]
Jan 13 14:23:38 pop-os-ubunty kernel: [    0.000000] PM: Registered nosave memory: [mem 0x0009f000-0x0009ffff]
Jan 13 14:23:38 pop-os-ubunty systemd[1]: Starting Network Time Synchronization...
Jan 13 14:23:38 pop-os-ubunty kernel: [    0.000000] PM: Registered nosave memory: [mem 0x000a0000-0x000effff]
Jan 13 14:23:38 pop-os-ubunty kernel: [    0.000000] PM: Registered nosave memory: [mem 0x000f0000-0x000fffff]
Jan 13 14:23:38 pop-os-ubunty kernel: [    0.000000] e820: [mem 0xbcd00000-0xfebfffff] available for PCI devices
Jan 13 14:23:38 pop-os-ubunty systemd[1]: Starting Update UTMP about System Boot/Shutdown...
Jan 13 14:23:38 pop-os-ubunty kernel: [    0.000000] Booting paravirtualized kernel on KVM
Jan 13 14:23:38 pop-os-ubunty kernel: [    0.000000] clocksource: refined-jiffies: mask: 0xffffffff max_cycles: 0xffffffff, max_idle_ns: 7645519600211568 ns
Jan 13 14:23:38 pop-os-ubunty systemd[1]: Starting Show Plymouth Boot Screen...
Jan 13 14:23:38 pop-os-ubunty kernel: [    0.000000] setup_percpu: NR_CPUS:8 nr_cpumask_bits:8 nr_cpu_ids:6 nr_node_ids:1
Jan 13 14:23:38 pop-os-ubunty kernel: [    0.000000] PERCPU: Embedded 19 pages/cpu @f6264000 s47436 r0 d30388 u77824
Jan 13 14:23:38 pop-os-ubunty kernel: [    0.000000] pcpu-alloc: s47436 r0 d30388 u77824 alloc=19*4096
Jan 13 14:23:38 pop-os-ubunty kernel: [    0.000000] pcpu-alloc: [0] 0 [0] 1 [0] 2 [0] 3 [0] 4 [0] 5 
Jan 13 14:23:38 pop-os-ubunty kernel: [    0.000000] PV qspinlock hash table entries: 512 (order: 0, 4096 bytes)
Jan 13 14:23:38 pop-os-ubunty kernel: [    0.000000] Built 1 zonelists in Zone order, mobility grouping on.  Total pages: 771032
Jan 13 14:23:38 pop-os-ubunty kernel: [    0.000000] Kernel command line: BOOT_IMAGE=/boot/vmlinuz-4.4.0-31-generic root=UUID=b22f16cd-1e84-423e-a7e8-dbd233076ba4 ro quiet splash
Jan 13 14:23:38 pop-os-ubunty kernel: [    0.000000] PID hash table entries: 4096 (order: 2, 16384 bytes)
Jan 13 14:23:38 pop-os-ubunty kernel: [    0.000000] Dentry cache hash table entries: 131072 (order: 7, 524288 bytes)
Jan 13 14:23:38 pop-os-ubunty kernel: [    0.000000] Inode-cache hash table entries: 65536 (order: 6, 262144 bytes)
Jan 13 14:23:38 pop-os-ubunty kernel: [    0.000000] Initializing CPU#0
Jan 13 14:23:38 pop-os-ubunty kernel: [    0.000000] Initializing HighMem for node 0 (00037bfe:000bccf0)
Jan 13 14:23:38 pop-os-ubunty kernel: [    0.000000] Initializing Movable for node 0 (00000000:00000000)
Jan 13 14:23:38 pop-os-ubunty kernel: [    0.000000] Memory: 3012848K/3093048K available (7887K kernel code, 767K rwdata, 3132K rodata, 948K init, 800K bss, 80200K reserved, 0K cma-reserved, 2180040K highmem)
Jan 13 14:23:38 pop-os-ubunty systemd[1]: Started Network Time Synchronization.
Jan 13 14:23:38 pop-os-ubunty systemd[1]: Reached target System Time Synchronized.
Jan 13 14:23:38 pop-os-ubunty systemd[1]: Started Set console font and keymap.
Jan 13 14:23:38 pop-os-ubunty systemd[1]: Created slice system-getty.slice.
Jan 13 14:23:38 pop-os-ubunty systemd[1]: Started Update UTMP about System Boot/Shutdown.
Jan 13 14:23:38 pop-os-ubunty systemd[1]: Started Show Plymouth Boot Screen.
Jan 13 14:23:38 pop-os-ubunty systemd[1]: Started Forward Password Requests to Plymouth Directory Watch.
Jan 13 14:23:38 pop-os-ubunty apparmor[759]: Skipping profile in /etc/apparmor.d/disable: usr.bin.firefox
Jan 13 14:23:38 pop-os-ubunty mtp-probe: checking bus 1, device 2: "/sys/devices/pci0000:00/0000:00:06.0/usb1/1-1"
Jan 13 14:23:38 pop-os-ubunty mtp-probe: bus: 1, device: 2 was not an MTP device
Jan 13 14:23:38 pop-os-ubunty apparmor[759]: Skipping profile in /etc/apparmor.d/disable: usr.sbin.rsyslogd
Jan 13 14:23:38 pop-os-ubunty apparmor[759]:    ...done.
Jan 13 14:23:38 pop-os-ubunty systemd[1]: Started LSB: AppArmor initialization.
Jan 13 14:23:38 pop-os-ubunty systemd-udevd[805]: Process '/lib/udev/hdparm' failed with exit code 5.
Jan 13 14:23:38 pop-os-ubunty systemd[1]: Starting Raise network interfaces...
Jan 13 14:23:38 pop-os-ubunty systemd[1]: Found device VBOX_HARDDISK 5.
Jan 13 14:23:38 pop-os-ubunty systemd[1]: Activating swap /dev/disk/by-uuid/589e9a11-6a21-4f1c-b17b-b05931d7cd99...
Jan 13 14:23:38 pop-os-ubunty systemd[1]: Listening on Load/Save RF Kill Switch Status /dev/rfkill Watch.
Jan 13 14:23:38 pop-os-ubunty systemd[1]: Activated swap /dev/disk/by-uuid/589e9a11-6a21-4f1c-b17b-b05931d7cd99.
Jan 13 14:23:38 pop-os-ubunty kernel: [    0.000000] virtual kernel memory layout:
Jan 13 14:23:38 pop-os-ubunty systemd[1]: Reached target Swap.
Jan 13 14:23:38 pop-os-ubunty kernel: [    0.000000]     fixmap  : 0xfff15000 - 0xfffff000   ( 936 kB)
Jan 13 14:23:38 pop-os-ubunty kernel: [    0.000000]     pkmap   : 0xffc00000 - 0xffe00000   (2048 kB)
Jan 13 14:23:38 pop-os-ubunty kernel: [    0.000000]     vmalloc : 0xf83fe000 - 0xffbfe000   ( 120 MB)
Jan 13 14:23:38 pop-os-ubunty kernel: [    0.000000]     lowmem  : 0xc0000000 - 0xf7bfe000   ( 891 MB)
Jan 13 14:23:38 pop-os-ubunty systemd[1]: Reached target System Initialization.
Jan 13 14:23:38 pop-os-ubunty kernel: [    0.000000]       .init : 0xc1b86000 - 0xc1c73000   ( 948 kB)
Jan 13 14:23:38 pop-os-ubunty kernel: [    0.000000]       .data : 0xc17b41d3 - 0xc1b84d00   (3906 kB)
Jan 13 14:23:38 pop-os-ubunty systemd[1]: Listening on CUPS Scheduler.
Jan 13 14:23:38 pop-os-ubunty kernel: [    0.000000]       .text : 0xc1000000 - 0xc17b41d3   (7888 kB)
Jan 13 14:23:38 pop-os-ubunty kernel: [    0.000000] Checking if this processor honours the WP bit even in supervisor mode...Ok.
Jan 13 14:23:38 pop-os-ubunty kernel: [    0.000000] SLUB: HWalign=64, Order=0-3, MinObjects=0, CPUs=6, Nodes=1
Jan 13 14:23:38 pop-os-ubunty systemd[1]: Listening on D-Bus System Message Bus Socket.
Jan 13 14:23:38 pop-os-ubunty kernel: [    0.000000] Hierarchical RCU implementation.
Jan 13 14:23:38 pop-os-ubunty kernel: [    0.000000] 	Build-time adjustment of leaf fanout to 32.
Jan 13 14:23:38 pop-os-ubunty kernel: [    0.000000] 	RCU restricting CPUs from NR_CPUS=8 to nr_cpu_ids=6.
Jan 13 14:23:38 pop-os-ubunty systemd[1]: Listening on UUID daemon activation socket.
Jan 13 14:23:38 pop-os-ubunty kernel: [    0.000000] RCU: Adjusting geometry for rcu_fanout_leaf=32, nr_cpu_ids=6
Jan 13 14:23:38 pop-os-ubunty kernel: [    0.000000] NR_IRQS:2304 nr_irqs:472 16
Jan 13 14:23:38 pop-os-ubunty kernel: [    0.000000] CPU 0 irqstacks, hard=f3038000 soft=f303a000
Jan 13 14:23:38 pop-os-ubunty systemd[1]: apt-daily.timer: Adding 5h 42min 13.914841s random time.
Jan 13 14:23:38 pop-os-ubunty kernel: [    0.000000] Console: colour VGA+ 80x25
Jan 13 14:23:38 pop-os-ubunty kernel: [    0.000000] console [tty0] enabled
Jan 13 14:23:38 pop-os-ubunty kernel: [    0.000000] allocated 3145728 bytes of page_ext
Jan 13 14:23:38 pop-os-ubunty kernel: [    0.000000] tsc: Detected 2207.996 MHz processor
Jan 13 14:23:38 pop-os-ubunty kernel: [    0.076051] Calibrating delay loop (skipped) preset value.. 4415.99 BogoMIPS (lpj=8831984)
Jan 13 14:23:38 pop-os-ubunty systemd[1]: Started Daily apt activities.
Jan 13 14:23:38 pop-os-ubunty kernel: [    0.076053] pid_max: default: 32768 minimum: 301
Jan 13 14:23:38 pop-os-ubunty kernel: [    0.076059] ACPI: Core revision 20150930
Jan 13 14:23:38 pop-os-ubunty kernel: [    0.076700] ACPI: 2 ACPI AML tables successfully acquired and loaded
Jan 13 14:23:38 pop-os-ubunty kernel: [    0.076711] Security Framework initialized
Jan 13 14:23:38 pop-os-ubunty systemd[1]: Starting Socket activation for snappy daemon.
Jan 13 14:23:38 pop-os-ubunty kernel: [    0.076712] Yama: becoming mindful.
Jan 13 14:23:38 pop-os-ubunty kernel: [    0.076721] AppArmor: AppArmor initialized
Jan 13 14:23:38 pop-os-ubunty kernel: [    0.076739] Mount-cache hash table entries: 2048 (order: 1, 8192 bytes)
Jan 13 14:23:38 pop-os-ubunty systemd[1]: Started ACPI Events Check.
Jan 13 14:23:38 pop-os-ubunty kernel: [    0.076740] Mountpoint-cache hash table entries: 2048 (order: 1, 8192 bytes)
Jan 13 14:23:38 pop-os-ubunty kernel: [    0.076839] Initializing cgroup subsys io
Jan 13 14:23:38 pop-os-ubunty kernel: [    0.076841] Initializing cgroup subsys memory
Jan 13 14:23:38 pop-os-ubunty systemd[1]: Listening on Avahi mDNS/DNS-SD Stack Activation Socket.
Jan 13 14:23:38 pop-os-ubunty kernel: [    0.076844] Initializing cgroup subsys devices
Jan 13 14:23:38 pop-os-ubunty kernel: [    0.076846] Initializing cgroup subsys freezer
Jan 13 14:23:38 pop-os-ubunty kernel: [    0.076847] Initializing cgroup subsys net_cls
Jan 13 14:23:38 pop-os-ubunty kernel: [    0.076848] Initializing cgroup subsys perf_event
Jan 13 14:23:38 pop-os-ubunty systemd[1]: Listening on ACPID Listen Socket.
Jan 13 14:23:38 pop-os-ubunty kernel: [    0.076850] Initializing cgroup subsys net_prio
Jan 13 14:23:38 pop-os-ubunty kernel: [    0.076851] Initializing cgroup subsys hugetlb
Jan 13 14:23:38 pop-os-ubunty systemd[1]: Started Daily Cleanup of Temporary Directories.
Jan 13 14:23:38 pop-os-ubunty kernel: [    0.076852] Initializing cgroup subsys pids
Jan 13 14:23:38 pop-os-ubunty kernel: [    0.076917] CPU: Physical Processor ID: 0
Jan 13 14:23:38 pop-os-ubunty kernel: [    0.076918] CPU: Processor Core ID: 0
Jan 13 14:23:38 pop-os-ubunty systemd[1]: snapd.refresh.timer: Adding 54min 8.525100s random time.
Jan 13 14:23:38 pop-os-ubunty kernel: [    0.078646] mce: CPU supports 0 MCE banks
Jan 13 14:23:38 pop-os-ubunty kernel: [    0.078667] Last level iTLB entries: 4KB 64, 2MB 8, 4MB 8
Jan 13 14:23:38 pop-os-ubunty kernel: [    0.078668] Last level dTLB entries: 4KB 64, 2MB 0, 4MB 0, 1GB 4
Jan 13 14:23:38 pop-os-ubunty kernel: [    0.081422] Freeing SMP alternatives memory: 28K (c1c73000 - c1c7a000)
Jan 13 14:23:38 pop-os-ubunty systemd[1]: Started Timer to automatically refresh installed snaps.
Jan 13 14:23:38 pop-os-ubunty kernel: [    0.087707] ftrace: allocating 31282 entries in 62 pages
Jan 13 14:23:38 pop-os-ubunty kernel: [    0.122780] smpboot: Max logical packages: 1
Jan 13 14:23:38 pop-os-ubunty kernel: [    0.122783] smpboot: APIC(0) Converting physical 0 to logical package 0
Jan 13 14:23:38 pop-os-ubunty kernel: [    0.122795] Enabling APIC mode:  Flat.  Using 1 I/O APICs
Jan 13 14:23:38 pop-os-ubunty systemd[1]: Reached target Timers.
Jan 13 14:23:38 pop-os-ubunty kernel: [    0.123763] ..TIMER: vector=0x30 apic1=0 pin1=2 apic2=-1 pin2=-1
Jan 13 14:23:38 pop-os-ubunty kernel: [    0.228222] smpboot: CPU0: Intel(R) Core(TM) i7-8750H CPU @ 2.20GHz (family: 0x6, model: 0x9e, stepping: 0xa)
Jan 13 14:23:38 pop-os-ubunty systemd[1]: Started Trigger resolvconf update for networkd DNS.
Jan 13 14:23:38 pop-os-ubunty kernel: [    0.228234] Performance Events: unsupported p6 CPU model 158 no PMU driver, software events only.
Jan 13 14:23:38 pop-os-ubunty kernel: [    0.228269] KVM setup paravirtual spinlock
Jan 13 14:23:38 pop-os-ubunty kernel: [    0.228978] CPU 1 irqstacks, hard=f285e000 soft=f2868000
Jan 13 14:23:38 pop-os-ubunty systemd[1]: Started CUPS Scheduler.
Jan 13 14:23:38 pop-os-ubunty kernel: [    0.228980] x86: Booting SMP configuration:
Jan 13 14:23:38 pop-os-ubunty kernel: [    0.228981] .... node  #0, CPUs:      #1
Jan 13 14:23:38 pop-os-ubunty kernel: [1266874084.356437] Initializing CPU#1
Jan 13 14:23:38 pop-os-ubunty kernel: [    0.229156] kvm-clock: cpu 1, msr 0:37bfd041, secondary cpu clock
Jan 13 14:23:38 pop-os-ubunty systemd[1]: Reached target Paths.
Jan 13 14:23:38 pop-os-ubunty kernel: [    0.231426] mce: CPU supports 0 MCE banks
Jan 13 14:23:38 pop-os-ubunty kernel: [    0.233544] CPU 2 irqstacks, hard=f28a8000 soft=f28aa000
Jan 13 14:23:38 pop-os-ubunty systemd[1]: Listening on Socket activation for snappy daemon.
Jan 13 14:23:38 pop-os-ubunty kernel: [    0.233548]  #2
Jan 13 14:23:38 pop-os-ubunty kernel: [1266874084.356437] Initializing CPU#2
Jan 13 14:23:38 pop-os-ubunty kernel: [    0.233705] kvm-clock: cpu 2, msr 0:37bfd081, secondary cpu clock
Jan 13 14:23:38 pop-os-ubunty kernel: [    0.235729] mce: CPU supports 0 MCE banks
Jan 13 14:23:38 pop-os-ubunty systemd[1]: Reached target Sockets.
Jan 13 14:23:38 pop-os-ubunty kernel: [    0.237830] CPU 3 irqstacks, hard=f28b6000 soft=f28c0000
Jan 13 14:23:38 pop-os-ubunty kernel: [    0.237834]  #3
Jan 13 14:23:38 pop-os-ubunty systemd[1]: Reached target Basic System.
Jan 13 14:23:38 pop-os-ubunty kernel: [1266874084.356437] Initializing CPU#3
Jan 13 14:23:38 pop-os-ubunty kernel: [    0.237984] kvm-clock: cpu 3, msr 0:37bfd0c1, secondary cpu clock
Jan 13 14:23:38 pop-os-ubunty kernel: [    0.240164] mce: CPU supports 0 MCE banks
Jan 13 14:23:38 pop-os-ubunty kernel: [    0.242461] CPU 4 irqstacks, hard=f28cc000 soft=f28ce000
Jan 13 14:23:38 pop-os-ubunty systemd[1]: Starting Detect the available GPUs and deal with any system changes...
Jan 13 14:23:38 pop-os-ubunty kernel: [    0.242467]  #4
Jan 13 14:23:38 pop-os-ubunty kernel: [1266874084.356437] Initializing CPU#4
Jan 13 14:23:38 pop-os-ubunty kernel: [    0.242705] kvm-clock: cpu 4, msr 0:37bfd101, secondary cpu clock
Jan 13 14:23:38 pop-os-ubunty kernel: [    0.244778] mce: CPU supports 0 MCE banks
Jan 13 14:23:38 pop-os-ubunty systemd[1]: Starting LSB: automatic crash report generation...
Jan 13 14:23:38 pop-os-ubunty kernel: [    0.246903] CPU 5 irqstacks, hard=f2908000 soft=f290a000
Jan 13 14:23:38 pop-os-ubunty kernel: [    0.246913]  #5
Jan 13 14:23:38 pop-os-ubunty systemd[1]: Starting Accounts Service...
Jan 13 14:23:38 pop-os-ubunty systemd[1]: Starting Login Service...
Jan 13 14:23:38 pop-os-ubunty systemd[1]: Starting Modem Manager...
Jan 13 14:23:38 pop-os-ubunty gpu-manager[1689]: /etc/modprobe.d is not a file
Jan 13 14:23:38 pop-os-ubunty kernel: [1266874084.356437] Initializing CPU#5
Jan 13 14:23:38 pop-os-ubunty kernel: [    0.247100] kvm-clock: cpu 5, msr 0:37bfd141, secondary cpu clock
Jan 13 14:23:38 pop-os-ubunty kernel: [    0.249079] mce: CPU supports 0 MCE banks
Jan 13 14:23:38 pop-os-ubunty kernel: [    0.251124] x86: Booted up 1 node, 6 CPUs
Jan 13 14:23:38 pop-os-ubunty kernel: [    0.251126] smpboot: Total of 6 processors activated (26495.95 BogoMIPS)
Jan 13 14:23:38 pop-os-ubunty kernel: [    0.251589] devtmpfs: initialized
Jan 13 14:23:38 pop-os-ubunty kernel: [    0.251774] evm: security.selinux
Jan 13 14:23:38 pop-os-ubunty kernel: [    0.251775] evm: security.SMACK64
Jan 13 14:23:38 pop-os-ubunty kernel: [    0.251776] evm: security.SMACK64EXEC
Jan 13 14:23:38 pop-os-ubunty kernel: [    0.251776] evm: security.SMACK64TRANSMUTE
Jan 13 14:23:38 pop-os-ubunty kernel: [    0.251777] evm: security.SMACK64MMAP
Jan 13 14:23:38 pop-os-ubunty kernel: [    0.251777] evm: security.ima
Jan 13 14:23:38 pop-os-ubunty kernel: [    0.251778] evm: security.capability
Jan 13 14:23:38 pop-os-ubunty kernel: [    0.252103] clocksource: jiffies: mask: 0xffffffff max_cycles: 0xffffffff, max_idle_ns: 7645041785100000 ns
Jan 13 14:23:38 pop-os-ubunty kernel: [    0.252446] pinctrl core: initialized pinctrl subsystem
Jan 13 14:23:38 pop-os-ubunty kernel: [    0.252538] RTC time: 19:23:32, date: 01/13/19
Jan 13 14:23:38 pop-os-ubunty kernel: [    0.252745] NET: Registered protocol family 16
Jan 13 14:23:38 pop-os-ubunty kernel: [    0.252862] EISA bus registered
Jan 13 14:23:38 pop-os-ubunty kernel: [    0.264096] cpuidle: using governor ladder
Jan 13 14:23:38 pop-os-ubunty kernel: [    0.278028] cpuidle: using governor menu
Jan 13 14:23:38 pop-os-ubunty kernel: [    0.278037] PCCT header not found.
Jan 13 14:23:38 pop-os-ubunty kernel: [    0.278157] ACPI: bus type PCI registered
Jan 13 14:23:38 pop-os-ubunty gpu-manager[1689]: message repeated 2 times: [ /etc/modprobe.d is not a file]
Jan 13 14:23:38 pop-os-ubunty kernel: [    0.278159] acpiphp: ACPI Hot Plug PCI Controller Driver version: 0.5
Jan 13 14:23:38 pop-os-ubunty systemd[1]: Starting Avahi mDNS/DNS-SD Stack...
Jan 13 14:23:38 pop-os-ubunty kernel: [    0.278434] PCI : PCI BIOS area is rw and x. Use pci=nobios if you want it NX.
Jan 13 14:23:38 pop-os-ubunty kernel: [    0.278437] PCI: PCI BIOS revision 2.10 entry at 0xfda26, last bus=0
Jan 13 14:23:38 pop-os-ubunty kernel: [    0.278438] PCI: Using configuration type 1 for base access
Jan 13 14:23:38 pop-os-ubunty kernel: [    0.290883] ACPI: Added _OSI(Module Device)
Jan 13 14:23:38 pop-os-ubunty kernel: [    0.290885] ACPI: Added _OSI(Processor Device)
Jan 13 14:23:38 pop-os-ubunty gpu-manager[1689]: /etc/modprobe.d is not a file
Jan 13 14:23:38 pop-os-ubunty kernel: [    0.290886] ACPI: Added _OSI(3.0 _SCP Extensions)
Jan 13 14:23:38 pop-os-ubunty kernel: [    0.290887] ACPI: Added _OSI(Processor Aggregator Device)
Jan 13 14:23:38 pop-os-ubunty kernel: [    0.291413] ACPI: Executed 1 blocks of module-level executable AML code
Jan 13 14:23:38 pop-os-ubunty kernel: [    0.292586] ACPI: Interpreter enabled
Jan 13 14:23:38 pop-os-ubunty kernel: [    0.292593] ACPI Exception: AE_NOT_FOUND, While evaluating Sleep State [\_S1_] (20150930/hwxface-580)
Jan 13 14:23:38 pop-os-ubunty kernel: [    0.292596] ACPI Exception: AE_NOT_FOUND, While evaluating Sleep State [\_S2_] (20150930/hwxface-580)
Jan 13 14:23:38 pop-os-ubunty kernel: [    0.292597] ACPI Exception: AE_NOT_FOUND, While evaluating Sleep State [\_S3_] (20150930/hwxface-580)
Jan 13 14:23:38 pop-os-ubunty gpu-manager[1689]: /etc/modprobe.d is not a file
Jan 13 14:23:38 pop-os-ubunty systemd[1]: Started ACPI event daemon.
Jan 13 14:23:38 pop-os-ubunty kernel: [    0.292599] ACPI Exception: AE_NOT_FOUND, While evaluating Sleep State [\_S4_] (20150930/hwxface-580)
Jan 13 14:23:38 pop-os-ubunty kernel: [    0.292603] ACPI: (supports S0 S5)
Jan 13 14:23:38 pop-os-ubunty kernel: [    0.292604] ACPI: Using IOAPIC for interrupt routing
Jan 13 14:23:38 pop-os-ubunty gpu-manager[1689]: Error: can't open /lib/modules/4.4.0-31-generic/updates/dkms
Jan 13 14:23:38 pop-os-ubunty kernel: [    0.292694] PCI: Using host bridge windows from ACPI; if necessary, use "pci=nocrs" and report a bug
Jan 13 14:23:38 pop-os-ubunty kernel: [    0.295015] ACPI: PCI Root Bridge [PCI0] (domain 0000 [bus 00-ff])
Jan 13 14:23:38 pop-os-ubunty kernel: [    0.295018] acpi PNP0A03:00: _OSC: OS supports [ASPM ClockPM Segments MSI]
Jan 13 14:23:38 pop-os-ubunty kernel: [    0.295202] acpi PNP0A03:00: _OSC: not requesting OS control; OS requires [ExtendedConfig ASPM ClockPM MSI]
Jan 13 14:23:38 pop-os-ubunty kernel: [    0.295204] acpi PNP0A03:00: fail to add MMCONFIG information, can't access extended PCI configuration space under this bridge.
Jan 13 14:23:38 pop-os-ubunty kernel: [    0.295363] PCI host bridge to bus 0000:00
Jan 13 14:23:38 pop-os-ubunty kernel: [    0.295365] pci_bus 0000:00: root bus resource [io  0x0000-0x0cf7 window]
Jan 13 14:23:38 pop-os-ubunty kernel: [    0.295366] pci_bus 0000:00: root bus resource [io  0x0d00-0xffff window]
Jan 13 14:23:38 pop-os-ubunty kernel: [    0.295367] pci_bus 0000:00: root bus resource [mem 0x000a0000-0x000bffff window]
Jan 13 14:23:38 pop-os-ubunty gpu-manager[1689]: Error: can't open /lib/modules/4.4.0-31-generic/updates/dkms
Jan 13 14:23:38 pop-os-ubunty systemd[1]: Starting LSB: Speech Dispatcher...
Jan 13 14:23:38 pop-os-ubunty kernel: [    0.295368] pci_bus 0000:00: root bus resource [mem 0xbcd00000-0xfdffffff window]
Jan 13 14:23:38 pop-os-ubunty kernel: [    0.295369] pci_bus 0000:00: root bus resource [bus 00-ff]
Jan 13 14:23:38 pop-os-ubunty systemd[1]: Starting Restore /etc/resolv.conf if the system crashed before the ppp link was shut down...
Jan 13 14:23:38 pop-os-ubunty kernel: [    0.295391] pci 0000:00:00.0: [8086:1237] type 00 class 0x060000
Jan 13 14:23:38 pop-os-ubunty kernel: [    0.295668] pci 0000:00:01.0: [8086:7000] type 00 class 0x060100
Jan 13 14:23:38 pop-os-ubunty kernel: [    0.296037] pci 0000:00:01.1: [8086:7111] type 00 class 0x01018a
Jan 13 14:23:38 pop-os-ubunty kernel: [    0.296255] pci 0000:00:01.1: reg 0x20: [io  0xd000-0xd00f]
Jan 13 14:23:38 pop-os-ubunty systemd[1]: Starting System Logging Service...
Jan 13 14:23:38 pop-os-ubunty kernel: [    0.296345] pci 0000:00:01.1: legacy IDE quirk: reg 0x10: [io  0x01f0-0x01f7]
Jan 13 14:23:38 pop-os-ubunty systemd[1]: Started crash report submission daemon.
Jan 13 14:23:38 pop-os-ubunty systemd[1]: Starting Thermal Daemon Service...
Jan 13 14:23:38 pop-os-ubunty systemd[1]: Starting LSB: Record successful boot for GRUB...
Jan 13 14:23:38 pop-os-ubunty systemd[1]: Starting LSB: Set the CPU Frequency Scaling governor to "ondemand"...
Jan 13 14:23:38 pop-os-ubunty systemd[1]: Started Regular background program processing daemon.
Jan 13 14:23:38 pop-os-ubunty systemd[1]: Started D-Bus System Message Bus.
Jan 13 14:23:38 pop-os-ubunty cron[1862]: (CRON) INFO (pidfile fd = 3)
Jan 13 14:23:38 pop-os-ubunty avahi-daemon[1725]: Found user 'avahi' (UID 111) and group 'avahi' (GID 120).
Jan 13 14:23:38 pop-os-ubunty avahi-daemon[1725]: Successfully dropped root privileges.
Jan 13 14:23:38 pop-os-ubunty avahi-daemon[1725]: avahi-daemon 0.6.32-rc starting up.
Jan 13 14:23:38 pop-os-ubunty cron[1862]: (CRON) INFO (Running @reboot jobs)
Jan 13 14:23:38 pop-os-ubunty ModemManager[1722]: <info>  ModemManager (version 1.4.12) starting in system bus...
Jan 13 14:23:38 pop-os-ubunty gpu-manager[1689]: update-alternatives: error: no alternatives for i386-linux-gnu_gfxcore_conf
Jan 13 14:23:38 pop-os-ubunty kernel: [    0.296346] pci 0000:00:01.1: legacy IDE quirk: reg 0x14: [io  0x03f6]
Jan 13 14:23:38 pop-os-ubunty kernel: [    0.296347] pci 0000:00:01.1: legacy IDE quirk: reg 0x18: [io  0x0170-0x0177]
Jan 13 14:23:38 pop-os-ubunty kernel: [    0.296348] pci 0000:00:01.1: legacy IDE quirk: reg 0x1c: [io  0x0376]
Jan 13 14:23:38 pop-os-ubunty kernel: [    0.296456] pci 0000:00:02.0: [15ad:0405] type 00 class 0x030000
Jan 13 14:23:38 pop-os-ubunty kernel: [    0.298594] pci 0000:00:02.0: reg 0x10: [io  0xd010-0xd01f]
Jan 13 14:23:38 pop-os-ubunty kernel: [    0.300716] pci 0000:00:02.0: reg 0x14: [mem 0xf0000000-0xf0ffffff]
Jan 13 14:23:38 pop-os-ubunty kernel: [    0.302558] pci 0000:00:02.0: reg 0x18: [mem 0xf1000000-0xf11fffff]
Jan 13 14:23:38 pop-os-ubunty kernel: [    0.310136] pci 0000:00:03.0: [8086:100e] type 00 class 0x020000
Jan 13 14:23:38 pop-os-ubunty kernel: [    0.312217] pci 0000:00:03.0: reg 0x10: [mem 0xf1200000-0xf121ffff]
Jan 13 14:23:38 pop-os-ubunty kernel: [    0.315480] pci 0000:00:03.0: reg 0x18: [io  0xd020-0xd027]
Jan 13 14:23:38 pop-os-ubunty kernel: [    0.321227] pci 0000:00:04.0: [80ee:cafe] type 00 class 0x088000
Jan 13 14:23:38 pop-os-ubunty kernel: [    0.322597] pci 0000:00:04.0: reg 0x10: [io  0xd040-0xd05f]
Jan 13 14:23:38 pop-os-ubunty kernel: [    0.324523] pci 0000:00:04.0: reg 0x14: [mem 0xf1400000-0xf17fffff]
Jan 13 14:23:38 pop-os-ubunty kernel: [    0.327209] pci 0000:00:04.0: reg 0x18: [mem 0xf1800000-0xf1803fff pref]
Jan 13 14:23:38 pop-os-ubunty kernel: [    0.335448] pci 0000:00:05.0: [8086:2415] type 00 class 0x040100
Jan 13 14:23:38 pop-os-ubunty kernel: [    0.335539] pci 0000:00:05.0: reg 0x10: [io  0xd100-0xd1ff]
Jan 13 14:23:38 pop-os-ubunty kernel: [    0.335591] pci 0000:00:05.0: reg 0x14: [io  0xd200-0xd23f]
Jan 13 14:23:38 pop-os-ubunty kernel: [    0.335995] pci 0000:00:06.0: [106b:003f] type 00 class 0x0c0310
Jan 13 14:23:38 pop-os-ubunty kernel: [    0.338004] pci 0000:00:06.0: reg 0x10: [mem 0xf1804000-0xf1804fff]
Jan 13 14:23:38 pop-os-ubunty kernel: [    0.349030] pci 0000:00:07.0: [8086:7113] type 00 class 0x068000
Jan 13 14:23:38 pop-os-ubunty kernel: [    0.349288] pci 0000:00:07.0: quirk: [io  0x4000-0x403f] claimed by PIIX4 ACPI
Jan 13 14:23:38 pop-os-ubunty kernel: [    0.349295] pci 0000:00:07.0: quirk: [io  0x4100-0x410f] claimed by PIIX4 SMB
Jan 13 14:23:38 pop-os-ubunty kernel: [    0.349514] pci 0000:00:0d.0: [8086:2829] type 00 class 0x010601
Jan 13 14:23:38 pop-os-ubunty kernel: [    0.351044] pci 0000:00:0d.0: reg 0x10: [io  0xd240-0xd247]
Jan 13 14:23:38 pop-os-ubunty kernel: [    0.352496] pci 0000:00:0d.0: reg 0x14: [io  0xd248-0xd24b]
Jan 13 14:23:38 pop-os-ubunty kernel: [    0.353970] pci 0000:00:0d.0: reg 0x18: [io  0xd250-0xd257]
Jan 13 14:23:38 pop-os-ubunty kernel: [    0.355418] pci 0000:00:0d.0: reg 0x1c: [io  0xd258-0xd25b]
Jan 13 14:23:38 pop-os-ubunty kernel: [    0.357422] pci 0000:00:0d.0: reg 0x20: [io  0xd260-0xd26f]
Jan 13 14:23:38 pop-os-ubunty kernel: [    0.359587] pci 0000:00:0d.0: reg 0x24: [mem 0xf1806000-0xf1807fff]
Jan 13 14:23:38 pop-os-ubunty kernel: [    0.361612] pci_bus 0000:00: on NUMA node 0
Jan 13 14:23:38 pop-os-ubunty kernel: [    0.362275] ACPI: PCI Interrupt Link [LNKA] (IRQs 5 9 10 *11)
Jan 13 14:23:38 pop-os-ubunty kernel: [    0.362431] ACPI: PCI Interrupt Link [LNKB] (IRQs 5 9 *10 11)
Jan 13 14:23:38 pop-os-ubunty kernel: [    0.362490] ACPI: PCI Interrupt Link [LNKC] (IRQs 5 *9 10 11)
Jan 13 14:23:38 pop-os-ubunty kernel: [    0.362557] ACPI: PCI Interrupt Link [LNKD] (IRQs 5 9 10 *11)
Jan 13 14:23:38 pop-os-ubunty kernel: [    0.362651] ACPI: Enabled 2 GPEs in block 00 to 07
Jan 13 14:23:38 pop-os-ubunty kernel: [    0.362930] vgaarb: setting as boot device: PCI:0000:00:02.0
Jan 13 14:23:38 pop-os-ubunty kernel: [    0.362933] vgaarb: device added: PCI:0000:00:02.0,decodes=io+mem,owns=io+mem,locks=none
Jan 13 14:23:38 pop-os-ubunty kernel: [    0.362934] vgaarb: loaded
Jan 13 14:23:38 pop-os-ubunty kernel: [    0.362936] vgaarb: bridge control possible 0000:00:02.0
Jan 13 14:23:38 pop-os-ubunty kernel: [    0.363194] SCSI subsystem initialized
Jan 13 14:23:38 pop-os-ubunty kernel: [    0.363403] libata version 3.00 loaded.
Jan 13 14:23:38 pop-os-ubunty kernel: [    0.363445] ACPI: bus type USB registered
Jan 13 14:23:38 pop-os-ubunty kernel: [    0.363466] usbcore: registered new interface driver usbfs
Jan 13 14:23:38 pop-os-ubunty kernel: [    0.363473] usbcore: registered new interface driver hub
Jan 13 14:23:38 pop-os-ubunty kernel: [    0.363527] usbcore: registered new device driver usb
Jan 13 14:23:38 pop-os-ubunty kernel: [    0.364289] PCI: Using ACPI for IRQ routing
Jan 13 14:23:38 pop-os-ubunty kernel: [    0.364292] PCI: pci_cache_line_size set to 64 bytes
Jan 13 14:23:38 pop-os-ubunty kernel: [    0.364420] e820: reserve RAM buffer [mem 0x0009fc00-0x0009ffff]
Jan 13 14:23:38 pop-os-ubunty kernel: [    0.364424] e820: reserve RAM buffer [mem 0xbccf0000-0xbfffffff]
Jan 13 14:23:38 pop-os-ubunty kernel: [    0.364526] NetLabel: Initializing
Jan 13 14:23:38 pop-os-ubunty kernel: [    0.364528] NetLabel:  domain hash size = 128
Jan 13 14:23:38 pop-os-ubunty kernel: [    0.364528] NetLabel:  protocols = UNLABELED CIPSOv4
Jan 13 14:23:38 pop-os-ubunty kernel: [    0.364537] NetLabel:  unlabeled traffic allowed by default
Jan 13 14:23:38 pop-os-ubunty kernel: [    0.364840] clocksource: Switched to clocksource kvm-clock
Jan 13 14:23:38 pop-os-ubunty kernel: [    0.371088] AppArmor: AppArmor Filesystem Enabled
Jan 13 14:23:38 pop-os-ubunty kernel: [    0.371135] pnp: PnP ACPI init
Jan 13 14:23:38 pop-os-ubunty kernel: [    0.371187] pnp 00:00: Plug and Play ACPI device, IDs PNP0303 (active)
Jan 13 14:23:38 pop-os-ubunty kernel: [    0.371239] pnp 00:01: Plug and Play ACPI device, IDs PNP0f03 (active)
Jan 13 14:23:38 pop-os-ubunty kernel: [    0.371658] pnp: PnP ACPI: found 2 devices
Jan 13 14:23:38 pop-os-ubunty kernel: [    0.371667] PnPBIOS: Disabled by ACPI PNP
Jan 13 14:23:38 pop-os-ubunty kernel: [    0.413239] clocksource: acpi_pm: mask: 0xffffff max_cycles: 0xffffff, max_idle_ns: 2085701024 ns
Jan 13 14:23:38 pop-os-ubunty kernel: [    0.413253] pci_bus 0000:00: resource 4 [io  0x0000-0x0cf7 window]
Jan 13 14:23:38 pop-os-ubunty kernel: [    0.413255] pci_bus 0000:00: resource 5 [io  0x0d00-0xffff window]
Jan 13 14:23:38 pop-os-ubunty kernel: [    0.413256] pci_bus 0000:00: resource 6 [mem 0x000a0000-0x000bffff window]
Jan 13 14:23:38 pop-os-ubunty kernel: [    0.413257] pci_bus 0000:00: resource 7 [mem 0xbcd00000-0xfdffffff window]
Jan 13 14:23:38 pop-os-ubunty kernel: [    0.413279] NET: Registered protocol family 2
Jan 13 14:23:38 pop-os-ubunty kernel: [    0.413417] TCP established hash table entries: 8192 (order: 3, 32768 bytes)
Jan 13 14:23:38 pop-os-ubunty kernel: [    0.413423] TCP bind hash table entries: 8192 (order: 4, 65536 bytes)
Jan 13 14:23:38 pop-os-ubunty kernel: [    0.413430] TCP: Hash tables configured (established 8192 bind 8192)
Jan 13 14:23:38 pop-os-ubunty kernel: [    0.413439] UDP hash table entries: 512 (order: 2, 16384 bytes)
Jan 13 14:23:38 pop-os-ubunty kernel: [    0.413441] UDP-Lite hash table entries: 512 (order: 2, 16384 bytes)
Jan 13 14:23:38 pop-os-ubunty kernel: [    0.413482] NET: Registered protocol family 1
Jan 13 14:23:38 pop-os-ubunty kernel: [    0.413491] pci 0000:00:00.0: Limiting direct PCI/PCI transfers
Jan 13 14:23:38 pop-os-ubunty kernel: [    0.413508] pci 0000:00:01.0: Activating ISA DMA hang workarounds
Jan 13 14:23:38 pop-os-ubunty kernel: [    0.413524] pci 0000:00:02.0: Video device with shadowed ROM
Jan 13 14:23:38 pop-os-ubunty kernel: [    0.414229] PCI: CLS 0 bytes, default 64
Jan 13 14:23:38 pop-os-ubunty kernel: [    0.414269] Trying to unpack rootfs image as initramfs...
Jan 13 14:23:38 pop-os-ubunty kernel: [    0.784915] Freeing initrd memory: 34332K (f3ce2000 - f5e69000)
Jan 13 14:23:38 pop-os-ubunty kernel: [    0.785117] platform rtc_cmos: registered platform RTC device (no PNP device found)
Jan 13 14:23:38 pop-os-ubunty kernel: [    0.785138] Scanning for low memory corruption every 60 seconds
Jan 13 14:23:38 pop-os-ubunty kernel: [    0.785617] futex hash table entries: 2048 (order: 5, 131072 bytes)
Jan 13 14:23:38 pop-os-ubunty kernel: [    0.785651] audit: initializing netlink subsys (disabled)
Jan 13 14:23:38 pop-os-ubunty kernel: [    0.785682] audit: type=2000 audit(1547408218.742:1): initialized
Jan 13 14:23:38 pop-os-ubunty kernel: [    0.785912] Initialise system trusted keyring
Jan 13 14:23:38 pop-os-ubunty kernel: [    0.786410] HugeTLB registered 2 MB page size, pre-allocated 0 pages
Jan 13 14:23:38 pop-os-ubunty kernel: [    0.787336] zbud: loaded
Jan 13 14:23:38 pop-os-ubunty kernel: [    0.787544] VFS: Disk quotas dquot_6.6.0
Jan 13 14:23:38 pop-os-ubunty kernel: [    0.787564] VFS: Dquot-cache hash table entries: 1024 (order 0, 4096 bytes)
Jan 13 14:23:38 pop-os-ubunty kernel: [    0.787711] squashfs: version 4.0 (2009/01/31) Phillip Lougher
Jan 13 14:23:38 pop-os-ubunty kernel: [    0.787994] fuse init (API version 7.23)
Jan 13 14:23:38 pop-os-ubunty kernel: [    0.788156] Key type big_key registered
Jan 13 14:23:38 pop-os-ubunty kernel: [    0.788172] Allocating IMA MOK and blacklist keyrings.
Jan 13 14:23:38 pop-os-ubunty kernel: [    0.789624] Key type asymmetric registered
Jan 13 14:23:38 pop-os-ubunty kernel: [    0.789630] Asymmetric key parser 'x509' registered
Jan 13 14:23:38 pop-os-ubunty kernel: [    0.789641] bounce: pool size: 64 pages
Jan 13 14:23:38 pop-os-ubunty kernel: [    0.789701] Block layer SCSI generic (bsg) driver version 0.4 loaded (major 249)
Jan 13 14:23:38 pop-os-ubunty kernel: [    0.789937] io scheduler noop registered
Jan 13 14:23:38 pop-os-ubunty kernel: [    0.789940] io scheduler deadline registered (default)
Jan 13 14:23:38 pop-os-ubunty kernel: [    0.789984] io scheduler cfq registered
Jan 13 14:23:38 pop-os-ubunty kernel: [    0.790042] pci_hotplug: PCI Hot Plug PCI Core version: 0.5
Jan 13 14:23:38 pop-os-ubunty kernel: [    0.790046] pciehp: PCI Express Hot Plug Controller Driver version: 0.4
Jan 13 14:23:38 pop-os-ubunty kernel: [    0.790065] intel_idle: does not run on family 6 model 158
Jan 13 14:23:38 pop-os-ubunty kernel: [    0.790126] ACPI: AC Adapter [AC] (on-line)
Jan 13 14:23:38 pop-os-ubunty kernel: [    0.790169] input: Power Button as /devices/LNXSYSTM:00/LNXPWRBN:00/input/input0
Jan 13 14:23:38 pop-os-ubunty kernel: [    0.790172] ACPI: Power Button [PWRF]
Jan 13 14:23:38 pop-os-ubunty kernel: [    0.790220] input: Sleep Button as /devices/LNXSYSTM:00/LNXSLPBN:00/input/input1
Jan 13 14:23:38 pop-os-ubunty kernel: [    0.790222] ACPI: Sleep Button [SLPF]
Jan 13 14:23:38 pop-os-ubunty kernel: [    0.790569] GHES: HEST is not enabled!
Jan 13 14:23:38 pop-os-ubunty kernel: [    0.791124] ACPI: Battery Slot [BAT0] (battery present)
Jan 13 14:23:38 pop-os-ubunty kernel: [    0.791154] isapnp: Scanning for PnP cards...
Jan 13 14:23:38 pop-os-ubunty kernel: [    0.799509] Serial: 8250/16550 driver, 32 ports, IRQ sharing enabled
Jan 13 14:23:38 pop-os-ubunty kernel: [    0.800240] Linux agpgart interface v0.103
Jan 13 14:23:38 pop-os-ubunty kernel: [    0.805158] brd: module loaded
Jan 13 14:23:38 pop-os-ubunty kernel: [    0.807452] loop: module loaded
Jan 13 14:23:38 pop-os-ubunty kernel: [    0.807679] ata_piix 0000:00:01.1: version 2.13
Jan 13 14:23:38 pop-os-ubunty kernel: [    0.808167] scsi host0: ata_piix
Jan 13 14:23:38 pop-os-ubunty kernel: [    0.808336] scsi host1: ata_piix
Jan 13 14:23:38 pop-os-ubunty kernel: [    0.808431] ata1: PATA max UDMA/33 cmd 0x1f0 ctl 0x3f6 bmdma 0xd000 irq 14
Jan 13 14:23:38 pop-os-ubunty kernel: [    0.808432] ata2: PATA max UDMA/33 cmd 0x170 ctl 0x376 bmdma 0xd008 irq 15
Jan 13 14:23:38 pop-os-ubunty kernel: [    0.808521] libphy: Fixed MDIO Bus: probed
Jan 13 14:23:38 pop-os-ubunty kernel: [    0.808523] tun: Universal TUN/TAP device driver, 1.6
Jan 13 14:23:38 pop-os-ubunty kernel: [    0.808524] tun: (C) 1999-2004 Max Krasnyansky <maxk@qualcomm.com>
Jan 13 14:23:38 pop-os-ubunty kernel: [    0.808631] PPP generic driver version 2.4.2
Jan 13 14:23:38 pop-os-ubunty kernel: [    0.808687] ehci_hcd: USB 2.0 'Enhanced' Host Controller (EHCI) Driver
Jan 13 14:23:38 pop-os-ubunty kernel: [    0.808690] ehci-pci: EHCI PCI platform driver
Jan 13 14:23:38 pop-os-ubunty kernel: [    0.808695] ehci-platform: EHCI generic platform driver
Jan 13 14:23:38 pop-os-ubunty kernel: [    0.808700] ohci_hcd: USB 1.1 'Open' Host Controller (OHCI) Driver
Jan 13 14:23:38 pop-os-ubunty kernel: [    0.808702] ohci-pci: OHCI PCI platform driver
Jan 13 14:23:38 pop-os-ubunty kernel: [    0.809226] ohci-pci 0000:00:06.0: OHCI PCI host controller
Jan 13 14:23:38 pop-os-ubunty kernel: [    0.809231] ohci-pci 0000:00:06.0: new USB bus registered, assigned bus number 1
Jan 13 14:23:38 pop-os-ubunty kernel: [    0.809282] ohci-pci 0000:00:06.0: irq 22, io mem 0xf1804000
Jan 13 14:23:38 pop-os-ubunty kernel: [    0.865391] usb usb1: New USB device found, idVendor=1d6b, idProduct=0001
Jan 13 14:23:38 pop-os-ubunty kernel: [    0.865393] usb usb1: New USB device strings: Mfr=3, Product=2, SerialNumber=1
Jan 13 14:23:38 pop-os-ubunty kernel: [    0.865394] usb usb1: Product: OHCI PCI host controller
Jan 13 14:23:38 pop-os-ubunty kernel: [    0.865396] usb usb1: Manufacturer: Linux 4.4.0-31-generic ohci_hcd
Jan 13 14:23:38 pop-os-ubunty kernel: [    0.865396] usb usb1: SerialNumber: 0000:00:06.0
Jan 13 14:23:38 pop-os-ubunty kernel: [    0.865479] hub 1-0:1.0: USB hub found
Jan 13 14:23:38 pop-os-ubunty kernel: [    0.865488] hub 1-0:1.0: 12 ports detected
Jan 13 14:23:38 pop-os-ubunty kernel: [    0.865700] ohci-platform: OHCI generic platform driver
Jan 13 14:23:38 pop-os-ubunty kernel: [    0.865709] uhci_hcd: USB Universal Host Controller Interface driver
Jan 13 14:23:38 pop-os-ubunty kernel: [    0.865747] i8042: PNP: PS/2 Controller [PNP0303:PS2K,PNP0f03:PS2M] at 0x60,0x64 irq 1,12
Jan 13 14:23:38 pop-os-ubunty kernel: [    0.866269] serio: i8042 KBD port at 0x60,0x64 irq 1
Jan 13 14:23:38 pop-os-ubunty kernel: [    0.866274] serio: i8042 AUX port at 0x60,0x64 irq 12
Jan 13 14:23:38 pop-os-ubunty kernel: [    0.866375] mousedev: PS/2 mouse device common for all mice
Jan 13 14:23:38 pop-os-ubunty kernel: [    0.866604] rtc_cmos rtc_cmos: rtc core: registered rtc_cmos as rtc0
Jan 13 14:23:38 pop-os-ubunty kernel: [    0.866700] rtc_cmos rtc_cmos: alarms up to one day, 114 bytes nvram
Jan 13 14:23:38 pop-os-ubunty kernel: [    0.866705] i2c /dev entries driver
Jan 13 14:23:38 pop-os-ubunty kernel: [    0.866797] input: AT Translated Set 2 keyboard as /devices/platform/i8042/serio0/input/input2
Jan 13 14:23:38 pop-os-ubunty kernel: [    0.866828] device-mapper: uevent: version 1.0.3
Jan 13 14:23:38 pop-os-ubunty kernel: [    0.866979] device-mapper: ioctl: 4.34.0-ioctl (2015-10-28) initialised: dm-devel@redhat.com
Jan 13 14:23:38 pop-os-ubunty kernel: [    0.866993] platform eisa.0: Probing EISA bus 0
Jan 13 14:23:38 pop-os-ubunty kernel: [    0.866995] platform eisa.0: EISA: Cannot allocate resource for mainboard
Jan 13 14:23:38 pop-os-ubunty kernel: [    0.866996] platform eisa.0: Cannot allocate resource for EISA slot 1
Jan 13 14:23:38 pop-os-ubunty kernel: [    0.866997] platform eisa.0: Cannot allocate resource for EISA slot 2
Jan 13 14:23:38 pop-os-ubunty kernel: [    0.866998] platform eisa.0: Cannot allocate resource for EISA slot 3
Jan 13 14:23:38 pop-os-ubunty kernel: [    0.866999] platform eisa.0: Cannot allocate resource for EISA slot 4
Jan 13 14:23:38 pop-os-ubunty kernel: [    0.866999] platform eisa.0: Cannot allocate resource for EISA slot 5
Jan 13 14:23:38 pop-os-ubunty kernel: [    0.867000] platform eisa.0: Cannot allocate resource for EISA slot 6
Jan 13 14:23:38 pop-os-ubunty kernel: [    0.867001] platform eisa.0: Cannot allocate resource for EISA slot 7
Jan 13 14:23:38 pop-os-ubunty kernel: [    0.867002] platform eisa.0: Cannot allocate resource for EISA slot 8
Jan 13 14:23:38 pop-os-ubunty kernel: [    0.867003] platform eisa.0: EISA: Detected 0 cards
Jan 13 14:23:38 pop-os-ubunty kernel: [    0.867013] cpufreq-nforce2: No nForce2 chipset.
Jan 13 14:23:38 pop-os-ubunty kernel: [    0.867020] ledtrig-cpu: registered to indicate activity on CPUs
Jan 13 14:23:38 pop-os-ubunty kernel: [    0.867206] NET: Registered protocol family 10
Jan 13 14:23:38 pop-os-ubunty kernel: [    0.867489] NET: Registered protocol family 17
Jan 13 14:23:38 pop-os-ubunty kernel: [    0.867500] Key type dns_resolver registered
Jan 13 14:23:38 pop-os-ubunty kernel: [    0.867653] microcode: CPU0 sig=0x906ea, pf=0x2, revision=0x0
Jan 13 14:23:38 pop-os-ubunty kernel: [    0.867675] microcode: CPU1 sig=0x906ea, pf=0x2, revision=0x0
Jan 13 14:23:38 pop-os-ubunty kernel: [    0.867709] microcode: CPU2 sig=0x906ea, pf=0x2, revision=0x0
Jan 13 14:23:38 pop-os-ubunty kernel: [    0.867786] microcode: CPU3 sig=0x906ea, pf=0x2, revision=0x0
Jan 13 14:23:38 pop-os-ubunty kernel: [    0.867864] microcode: CPU4 sig=0x906ea, pf=0x2, revision=0x0
Jan 13 14:23:38 pop-os-ubunty kernel: [    0.867896] microcode: CPU5 sig=0x906ea, pf=0x2, revision=0x0
Jan 13 14:23:38 pop-os-ubunty kernel: [    0.867915] microcode: Microcode Update Driver: v2.01 <tigran@aivazian.fsnet.co.uk>, Peter Oruba
Jan 13 14:23:38 pop-os-ubunty kernel: [    0.867923] Using IPI No-Shortcut mode
Jan 13 14:23:38 pop-os-ubunty kernel: [    0.867993] registered taskstats version 1
Jan 13 14:23:38 pop-os-ubunty kernel: [    0.868006] Loading compiled-in X.509 certificates
Jan 13 14:23:38 pop-os-ubunty kernel: [    0.869435] Loaded X.509 cert 'Build time autogenerated kernel key: cb6840fabcbd1bdef376e0ee9ee79560852e9a80'
Jan 13 14:23:38 pop-os-ubunty kernel: [    0.869448] zswap: loaded using pool lzo/zbud
Jan 13 14:23:38 pop-os-ubunty kernel: [    0.872218] Key type trusted registered
Jan 13 14:23:38 pop-os-ubunty kernel: [    0.876471] Key type encrypted registered
Jan 13 14:23:38 pop-os-ubunty kernel: [    0.876490] AppArmor: AppArmor sha1 policy hashing enabled
Jan 13 14:23:38 pop-os-ubunty kernel: [    0.876505] ima: No TPM chip found, activating TPM-bypass!
Jan 13 14:23:38 pop-os-ubunty kernel: [    0.876541] evm: HMAC attrs: 0x1
Jan 13 14:23:38 pop-os-ubunty kernel: [    0.877026]   Magic number: 3:783:394
Jan 13 14:23:38 pop-os-ubunty kernel: [    0.877266] rtc_cmos rtc_cmos: setting system clock to 2019-01-13 19:23:33 UTC (1547407413)
Jan 13 14:23:38 pop-os-ubunty kernel: [    0.877531] BIOS EDD facility v0.16 2004-Jun-25, 0 devices found
Jan 13 14:23:38 pop-os-ubunty kernel: [    0.877532] EDD information not available.
Jan 13 14:23:38 pop-os-ubunty kernel: [    0.877563] PM: Hibernation image not present or could not be loaded.
Jan 13 14:23:38 pop-os-ubunty kernel: [    0.965462] ata2.00: ATAPI: VBOX CD-ROM, 1.0, max UDMA/133
Jan 13 14:23:38 pop-os-ubunty kernel: [    0.965778] ata2.00: configured for UDMA/33
Jan 13 14:23:38 pop-os-ubunty kernel: [    1.147946] isapnp: No Plug & Play device found
Jan 13 14:23:38 pop-os-ubunty kernel: [    1.153208] scsi 1:0:0:0: CD-ROM            VBOX     CD-ROM           1.0  PQ: 0 ANSI: 5
Jan 13 14:23:38 pop-os-ubunty kernel: [    1.161996] sr 1:0:0:0: [sr0] scsi3-mmc drive: 32x/32x xa/form2 tray
Jan 13 14:23:38 pop-os-ubunty kernel: [    1.161998] cdrom: Uniform CD-ROM driver Revision: 3.20
Jan 13 14:23:38 pop-os-ubunty kernel: [    1.162070] sr 1:0:0:0: Attached scsi CD-ROM sr0
Jan 13 14:23:38 pop-os-ubunty kernel: [    1.162100] sr 1:0:0:0: Attached scsi generic sg0 type 5
Jan 13 14:23:38 pop-os-ubunty kernel: [    1.162740] Freeing unused kernel memory: 948K (c1b86000 - c1c73000)
Jan 13 14:23:38 pop-os-ubunty kernel: [    1.163000] Write protecting the kernel text: 7892k
Jan 13 14:23:38 pop-os-ubunty kernel: [    1.163119] Write protecting the kernel read-only data: 3136k
Jan 13 14:23:38 pop-os-ubunty kernel: [    1.163120] NX-protecting the kernel data: 6444k
Jan 13 14:23:38 pop-os-ubunty kernel: [    1.174239] random: systemd-udevd urandom read with 0 bits of entropy available
Jan 13 14:23:38 pop-os-ubunty kernel: [    1.199074] e1000: Intel(R) PRO/1000 Network Driver - version 7.3.21-k8-NAPI
Jan 13 14:23:38 pop-os-ubunty kernel: [    1.199077] e1000: Copyright (c) 1999-2006 Intel Corporation.
Jan 13 14:23:38 pop-os-ubunty kernel: [    1.200855] [drm] Initialized drm 1.1.0 20060810
Jan 13 14:23:38 pop-os-ubunty kernel: [    1.203487] FUJITSU Extended Socket Network Device Driver - version 1.0 - Copyright (c) 2015 FUJITSU LIMITED
Jan 13 14:23:38 pop-os-ubunty kernel: [    1.207711] ACPI: Video Device [GFX0] (multi-head: yes  rom: no  post: no)
Jan 13 14:23:38 pop-os-ubunty kernel: [    1.207761] input: Video Bus as /devices/LNXSYSTM:00/LNXSYBUS:00/PNP0A03:00/LNXVIDEO:00/input/input4
Jan 13 14:23:38 pop-os-ubunty kernel: [    1.237829] usb 1-1: new full-speed USB device number 2 using ohci-pci
Jan 13 14:23:38 pop-os-ubunty kernel: [    1.426308] input: ImExPS/2 Generic Explorer Mouse as /devices/platform/i8042/serio1/input/input5
Jan 13 14:23:38 pop-os-ubunty kernel: [    1.495753] usb 1-1: New USB device found, idVendor=80ee, idProduct=0021
Jan 13 14:23:38 pop-os-ubunty kernel: [    1.495760] usb 1-1: New USB device strings: Mfr=1, Product=3, SerialNumber=0
Jan 13 14:23:38 pop-os-ubunty kernel: [    1.495764] usb 1-1: Product: USB Tablet
Jan 13 14:23:38 pop-os-ubunty kernel: [    1.495767] usb 1-1: Manufacturer: VirtualBox
Jan 13 14:23:38 pop-os-ubunty kernel: [    1.513659] hidraw: raw HID events driver (C) Jiri Kosina
Jan 13 14:23:38 pop-os-ubunty kernel: [    1.527341] usbcore: registered new interface driver usbhid
Jan 13 14:23:38 pop-os-ubunty kernel: [    1.527345] usbhid: USB HID core driver
Jan 13 14:23:38 pop-os-ubunty kernel: [    1.532408] e1000 0000:00:03.0 eth0: (PCI:33MHz:32-bit) 08:00:27:a2:40:de
Jan 13 14:23:38 pop-os-ubunty kernel: [    1.532416] e1000 0000:00:03.0 eth0: Intel(R) PRO/1000 Network Connection
Jan 13 14:23:38 pop-os-ubunty kernel: [    1.532647] ahci 0000:00:0d.0: version 3.0
Jan 13 14:23:38 pop-os-ubunty kernel: [    1.533752] ahci 0000:00:0d.0: SSS flag set, parallel bus scan disabled
Jan 13 14:23:38 pop-os-ubunty kernel: [    1.534087] ahci 0000:00:0d.0: AHCI 0001.0100 32 slots 2 ports 3 Gbps 0x3 impl SATA mode
Jan 13 14:23:38 pop-os-ubunty kernel: [    1.534092] ahci 0000:00:0d.0: flags: 64bit ncq stag only ccc 
Jan 13 14:23:38 pop-os-ubunty kernel: [    1.536162] scsi host2: ahci
Jan 13 14:23:38 pop-os-ubunty kernel: [    1.536642] input: VirtualBox USB Tablet as /devices/pci0000:00/0000:00:06.0/usb1/1-1/1-1:1.0/0003:80EE:0021.0001/input/input6
Jan 13 14:23:38 pop-os-ubunty kernel: [    1.536758] hid-generic 0003:80EE:0021.0001: input,hidraw0: USB HID v1.10 Mouse [VirtualBox USB Tablet] on usb-0000:00:06.0-1/input0
Jan 13 14:23:38 pop-os-ubunty kernel: [    1.537132] e1000 0000:00:03.0 enp0s3: renamed from eth0
Jan 13 14:23:38 pop-os-ubunty kernel: [    1.537633] scsi host3: ahci
Jan 13 14:23:38 pop-os-ubunty kernel: [    1.537739] ata3: SATA max UDMA/133 abar m8192@0xf1806000 port 0xf1806100 irq 21
Jan 13 14:23:38 pop-os-ubunty kernel: [    1.537748] ata4: SATA max UDMA/133 abar m8192@0xf1806000 port 0xf1806180 irq 21
Jan 13 14:23:38 pop-os-ubunty kernel: [    1.539376] [drm] DMA map mode: Using physical TTM page addresses.
Jan 13 14:23:38 pop-os-ubunty kernel: [    1.539494] [drm] Capabilities:
Jan 13 14:23:38 pop-os-ubunty kernel: [    1.539496] [drm]   Cursor.
Jan 13 14:23:38 pop-os-ubunty kernel: [    1.539497] [drm]   Cursor bypass 2.
Jan 13 14:23:38 pop-os-ubunty kernel: [    1.539498] [drm]   Alpha cursor.
Jan 13 14:23:38 pop-os-ubunty kernel: [    1.539499] [drm]   3D.
Jan 13 14:23:38 pop-os-ubunty kernel: [    1.539500] [drm]   Extended Fifo.
Jan 13 14:23:38 pop-os-ubunty kernel: [    1.539501] [drm]   Pitchlock.
Jan 13 14:23:38 pop-os-ubunty kernel: [    1.539502] [drm]   Irq mask.
Jan 13 14:23:38 pop-os-ubunty kernel: [    1.539503] [drm]   GMR.
Jan 13 14:23:38 pop-os-ubunty kernel: [    1.539504] [drm]   Traces.
Jan 13 14:23:38 pop-os-ubunty kernel: [    1.539505] [drm]   GMR2.
Jan 13 14:23:38 pop-os-ubunty kernel: [    1.539506] [drm]   Screen Object 2.
Jan 13 14:23:38 pop-os-ubunty kernel: [    1.539507] [drm] Max GMR ids is 8192
Jan 13 14:23:38 pop-os-ubunty kernel: [    1.539509] [drm] Max number of GMR pages is 1048576
Jan 13 14:23:38 pop-os-ubunty kernel: [    1.539510] [drm] Max dedicated hypervisor surface memory is 507904 kiB
Jan 13 14:23:38 pop-os-ubunty kernel: [    1.539511] [drm] Maximum display memory size is 16384 kiB
Jan 13 14:23:38 pop-os-ubunty kernel: [    1.539513] [drm] VRAM at 0xf0000000 size is 16384 kiB
Jan 13 14:23:38 pop-os-ubunty kernel: [    1.539514] [drm] MMIO at 0xf1000000 size is 2048 kiB
Jan 13 14:23:38 pop-os-ubunty kernel: [    1.539516] [drm] global init.
Jan 13 14:23:38 pop-os-ubunty kernel: [    1.540180] [TTM] Zone  kernel: Available graphics memory: 434058 kiB
Jan 13 14:23:38 pop-os-ubunty kernel: [    1.540182] [TTM] Zone highmem: Available graphics memory: 1524078 kiB
Jan 13 14:23:38 pop-os-ubunty kernel: [    1.540184] [TTM] Initializing pool allocator
Jan 13 14:23:38 pop-os-ubunty kernel: [    1.540189] [TTM] Initializing DMA pool allocator
Jan 13 14:23:38 pop-os-ubunty kernel: [    1.540330] [drm] Supports vblank timestamp caching Rev 2 (21.10.2013).
Jan 13 14:23:38 pop-os-ubunty kernel: [    1.540332] [drm] No driver support for vblank timestamp query.
Jan 13 14:23:38 pop-os-ubunty kernel: [    1.540766] [drm] Screen Objects Display Unit initialized
Jan 13 14:23:38 pop-os-ubunty kernel: [    1.540821] [drm] width 720
Jan 13 14:23:38 pop-os-ubunty kernel: [    1.540835] [drm] height 400
Jan 13 14:23:38 pop-os-ubunty kernel: [    1.540850] [drm] bpp 32
Jan 13 14:23:38 pop-os-ubunty kernel: [    1.541128] [drm] Fifo max 0x00200000 min 0x00001000 cap 0x00000311
Jan 13 14:23:38 pop-os-ubunty kernel: [    1.541422] [drm] DX: no.
Jan 13 14:23:38 pop-os-ubunty kernel: [    1.547434] fbcon: svgadrmfb (fb0) is primary device
Jan 13 14:23:38 pop-os-ubunty kernel: [    1.564670] Console: switching to colour frame buffer device 100x37
Jan 13 14:23:38 pop-os-ubunty kernel: [    1.565728] [drm] Initialized vmwgfx 2.9.0 20150810 for 0000:00:02.0 on minor 0
Jan 13 14:23:38 pop-os-ubunty kernel: [    1.787767] tsc: Refined TSC clocksource calibration: 2207.725 MHz
Jan 13 14:23:38 pop-os-ubunty kernel: [    1.787781] clocksource: tsc: mask: 0xffffffffffffffff max_cycles: 0x1fd2b478612, max_idle_ns: 440795264364 ns
Jan 13 14:23:38 pop-os-ubunty kernel: [    2.120301] ata3: SATA link up 3.0 Gbps (SStatus 123 SControl 300)
Jan 13 14:23:38 pop-os-ubunty kernel: [    2.120817] ata3.00: ATA-6: VBOX HARDDISK, 1.0, max UDMA/133
Jan 13 14:23:38 pop-os-ubunty kernel: [    2.120826] ata3.00: 52428800 sectors, multi 128: LBA48 NCQ (depth 31/32)
Jan 13 14:23:38 pop-os-ubunty kernel: [    2.121640] ata3.00: configured for UDMA/133
Jan 13 14:23:38 pop-os-ubunty kernel: [    2.122703] scsi 2:0:0:0: Direct-Access     ATA      VBOX HARDDISK    1.0  PQ: 0 ANSI: 5
Jan 13 14:23:38 pop-os-ubunty kernel: [    2.123280] sd 2:0:0:0: [sda] 52428800 512-byte logical blocks: (26.8 GB/25.0 GiB)
Jan 13 14:23:38 pop-os-ubunty kernel: [    2.123287] sd 2:0:0:0: Attached scsi generic sg1 type 0
Jan 13 14:23:38 pop-os-ubunty kernel: [    2.123352] sd 2:0:0:0: [sda] Write Protect is off
Jan 13 14:23:38 pop-os-ubunty kernel: [    2.123358] sd 2:0:0:0: [sda] Mode Sense: 00 3a 00 00
Jan 13 14:23:38 pop-os-ubunty kernel: [    2.123386] sd 2:0:0:0: [sda] Write cache: enabled, read cache: enabled, doesn't support DPO or FUA
Jan 13 14:23:38 pop-os-ubunty kernel: [    2.125867]  sda: sda1 sda2 < sda5 >
Jan 13 14:23:38 pop-os-ubunty kernel: [    2.126527] sd 2:0:0:0: [sda] Attached SCSI disk
Jan 13 14:23:38 pop-os-ubunty kernel: [    2.619206] ata4: SATA link down (SStatus 0 SControl 300)
Jan 13 14:23:38 pop-os-ubunty kernel: [    4.250978] floppy0: no floppy controllers found
Jan 13 14:23:38 pop-os-ubunty kernel: [    4.251071] work still pending
Jan 13 14:23:38 pop-os-ubunty kernel: [    4.416364] EXT4-fs (sda1): mounted filesystem with ordered data mode. Opts: (null)
Jan 13 14:23:38 pop-os-ubunty kernel: [    5.179357] lp: driver loaded but no devices found
Jan 13 14:23:38 pop-os-ubunty kernel: [    5.186781] ppdev: user-space parallel port driver
Jan 13 14:23:38 pop-os-ubunty kernel: [    5.356570] EXT4-fs (sda1): re-mounted. Opts: errors=remount-ro
Jan 13 14:23:38 pop-os-ubunty kernel: [    5.536440] piix4_smbus 0000:00:07.0: SMBus Host Controller at 0x4100, revision 0
Jan 13 14:23:38 pop-os-ubunty kernel: [    5.546715] vgdrvHeartbeatInit: Setting up heartbeat to trigger every 2000 milliseconds
Jan 13 14:23:38 pop-os-ubunty kernel: [    5.546796] input: Unspecified device as /devices/pci0000:00/0000:00:04.0/input/input7
Jan 13 14:23:38 pop-os-ubunty kernel: [    5.547117] vboxguest: misc device minor 55, IRQ 20, I/O port d040, MMIO at 00000000f1400000 (size 0x400000)
Jan 13 14:23:38 pop-os-ubunty kernel: [    5.547119] vboxguest: Successfully loaded version 5.0.18_Ubuntu (interface 0x00010004)
Jan 13 14:23:38 pop-os-ubunty kernel: [    5.572831] audit: type=1400 audit(1547407418.188:2): apparmor="STATUS" operation="profile_load" profile="unconfined" name="/usr/bin/ubuntu-core-launcher" pid=1340 comm="apparmor_parser"
Jan 13 14:23:38 pop-os-ubunty kernel: [    5.585796] audit: type=1400 audit(1547407418.200:3): apparmor="STATUS" operation="profile_load" profile="unconfined" name="/usr/sbin/cups-browsed" pid=1343 comm="apparmor_parser"
Jan 13 14:23:38 pop-os-ubunty kernel: [    5.588100] audit: type=1400 audit(1547407418.208:4): apparmor="STATUS" operation="profile_load" profile="unconfined" name="/sbin/dhclient" pid=1336 comm="apparmor_parser"
Jan 13 14:23:38 pop-os-ubunty kernel: [    5.588106] audit: type=1400 audit(1547407418.208:5): apparmor="STATUS" operation="profile_load" profile="unconfined" name="/usr/lib/NetworkManager/nm-dhcp-client.action" pid=1336 comm="apparmor_parser"
Jan 13 14:23:38 pop-os-ubunty kernel: [    5.588110] audit: type=1400 audit(1547407418.208:6): apparmor="STATUS" operation="profile_load" profile="unconfined" name="/usr/lib/NetworkManager/nm-dhcp-helper" pid=1336 comm="apparmor_parser"
Jan 13 14:23:38 pop-os-ubunty kernel: [    5.588113] audit: type=1400 audit(1547407418.208:7): apparmor="STATUS" operation="profile_load" profile="unconfined" name="/usr/lib/connman/scripts/dhclient-script" pid=1336 comm="apparmor_parser"
Jan 13 14:23:38 pop-os-ubunty kernel: [    5.591943] audit: type=1400 audit(1547407418.208:8): apparmor="STATUS" operation="profile_load" profile="unconfined" name="/usr/sbin/ippusbxd" pid=1440 comm="apparmor_parser"
Jan 13 14:23:38 pop-os-ubunty kernel: [    5.592137] audit: type=1400 audit(1547407418.208:9): apparmor="STATUS" operation="profile_load" profile="unconfined" name="/usr/lib/cups/backend/cups-pdf" pid=1392 comm="apparmor_parser"
Jan 13 14:23:38 pop-os-ubunty kernel: [    5.592143] audit: type=1400 audit(1547407418.208:10): apparmor="STATUS" operation="profile_load" profile="unconfined" name="/usr/sbin/cupsd" pid=1392 comm="apparmor_parser"
Jan 13 14:23:38 pop-os-ubunty kernel: [    5.678742] Adding 3091452k swap on /dev/sda5.  Priority:-1 extents:1 across:3091452k FS
Jan 13 14:23:38 pop-os-ubunty kernel: [    5.690108] snd_intel8x0 0000:00:05.0: disable (unknown or VT-d) VM optimization
Jan 13 14:23:38 pop-os-ubunty kernel: [    5.755367] random: nonblocking pool is initialized
Jan 13 14:23:38 pop-os-ubunty rsyslogd-2039: Could not open output pipe '/dev/xconsole':: No such file or directory [v8.16.0 try http://www.rsyslog.com/e/2039 ]
Jan 13 14:23:38 pop-os-ubunty rsyslogd-2007: action 'action 10' suspended, next retry is Sun Jan 13 14:24:08 2019 [v8.16.0 try http://www.rsyslog.com/e/2007 ]
Jan 13 14:23:38 pop-os-ubunty acpid: starting up with netlink and the input layer
Jan 13 14:23:38 pop-os-ubunty dbus[1867]: [system] AppArmor D-Bus mediation is enabled
Jan 13 14:23:38 pop-os-ubunty avahi-daemon[1725]: Successfully called chroot().
Jan 13 14:23:38 pop-os-ubunty avahi-daemon[1725]: Successfully dropped remaining capabilities.
Jan 13 14:23:38 pop-os-ubunty acpid: 9 rules loaded
Jan 13 14:23:38 pop-os-ubunty acpid: waiting for events: event logging is off
Jan 13 14:23:38 pop-os-ubunty avahi-daemon[1725]: No service file found in /etc/avahi/services.
Jan 13 14:23:38 pop-os-ubunty avahi-daemon[1725]: Network interface enumeration completed.
Jan 13 14:23:38 pop-os-ubunty avahi-daemon[1725]: Server startup complete. Host name is pop-os-ubunty.local. Local service cookie is 877605115.
Jan 13 14:23:38 pop-os-ubunty dbus[1867]: [system] Successfully activated service 'org.freedesktop.systemd1'
Jan 13 14:23:38 pop-os-ubunty thermald[1844]: NO RAPL sysfs present
Jan 13 14:23:38 pop-os-ubunty thermald[1844]: 22 CPUID levels; family:model:stepping 0x6:9e:a (6:158:10)
Jan 13 14:23:38 pop-os-ubunty thermald[1844]:  Need Linux PowerCap sysfs
Jan 13 14:23:38 pop-os-ubunty systemd[1]: Started Avahi mDNS/DNS-SD Stack.
Jan 13 14:23:38 pop-os-ubunty systemd[1]: Started Thermal Daemon Service.
Jan 13 14:23:38 pop-os-ubunty dbus[1867]: [system] Activating via systemd: service name='org.freedesktop.PolicyKit1' unit='polkitd.service'
Jan 13 14:23:38 pop-os-ubunty systemd[1]: Starting Network Manager...
Jan 13 14:23:38 pop-os-ubunty systemd[1]: Starting LSB: daemon to balance interrupts for SMP systems...
Jan 13 14:23:38 pop-os-ubunty systemd[1]: Started Run anacron jobs.
Jan 13 14:23:38 pop-os-ubunty systemd[1]: Starting Permit User Sessions...
Jan 13 14:23:38 pop-os-ubunty systemd[1]: Started CUPS Scheduler.
Jan 13 14:23:38 pop-os-ubunty anacron[1903]: Anacron 2.3 started on 2019-01-13
Jan 13 14:23:38 pop-os-ubunty systemd[1]: Started Make remote CUPS printers available locally.
Jan 13 14:23:38 pop-os-ubunty systemd[1]: Started Snappy daemon.
Jan 13 14:23:38 pop-os-ubunty anacron[1903]: Will run job `cron.daily' in 5 min.
Jan 13 14:23:38 pop-os-ubunty thermald[1844]: Unsupported cpu model, use thermal-conf.xml file or run with --ignore-cpuid-check
Jan 13 14:23:38 pop-os-ubunty thermald[1844]: THD engine start failed
Jan 13 14:23:38 pop-os-ubunty anacron[1903]: Will run job `cron.weekly' in 10 min.
Jan 13 14:23:38 pop-os-ubunty anacron[1903]: Will run job `cron.monthly' in 15 min.
Jan 13 14:23:38 pop-os-ubunty anacron[1903]: Jobs will be executed sequentially
Jan 13 14:23:38 pop-os-ubunty systemd[1]: Started System Logging Service.
Jan 13 14:23:38 pop-os-ubunty systemd[1]: Started Detect the available GPUs and deal with any system changes.
Jan 13 14:23:38 pop-os-ubunty systemd[1]: Started Restore /etc/resolv.conf if the system crashed before the ppp link was shut down.
Jan 13 14:23:38 pop-os-ubunty systemd[1]: Started Permit User Sessions.
Jan 13 14:23:38 pop-os-ubunty systemd[1]: Started Login Service.
Jan 13 14:23:38 pop-os-ubunty whoopsie[1832]: [14:23:38] Using lock path: /var/lock/whoopsie/lock
Jan 13 14:23:38 pop-os-ubunty systemd[1]: Starting Authenticate and Authorize Users to Run Privileged Tasks...
Jan 13 14:23:38 pop-os-ubunty systemd[1]: Starting Light Display Manager...
Jan 13 14:23:39 pop-os-ubunty kernel: [    6.515975] snd_intel8x0 0000:00:05.0: white list rate for 1028:0177 is 48000
Jan 13 14:23:39 pop-os-ubunty systemd[1]: Reached target Sound Card.
Jan 13 14:23:39 pop-os-ubunty NetworkManager[1901]: <info>  [1547407419.1593] NetworkManager (version 1.2.0) is starting...
Jan 13 14:23:39 pop-os-ubunty NetworkManager[1901]: <info>  [1547407419.1601] Read config: /etc/NetworkManager/NetworkManager.conf (etc: default-wifi-powersave-on.conf)
Jan 13 14:23:39 pop-os-ubunty whoopsie[1832]: [14:23:39] Could not get the Network Manager state:
Jan 13 14:23:39 pop-os-ubunty whoopsie[1832]: [14:23:39] GDBus.Error:org.freedesktop.DBus.Error.ServiceUnknown: The name org.freedesktop.NetworkManager was not provided by any .service files
Jan 13 14:23:39 pop-os-ubunty polkitd[1929]: started daemon version 0.105 using authority implementation `local' version `0.105'
Jan 13 14:23:39 pop-os-ubunty dbus[1867]: [system] Successfully activated service 'org.freedesktop.PolicyKit1'
Jan 13 14:23:39 pop-os-ubunty systemd[1]: Started Authenticate and Authorize Users to Run Privileged Tasks.
Jan 13 14:23:39 pop-os-ubunty systemd[1]: Started CUPS Scheduler.
Jan 13 14:23:39 pop-os-ubunty NetworkManager[1901]: <info>  [1547407419.1747] manager[0x9e720e8]: monitoring kernel firmware directory '/lib/firmware'.
Jan 13 14:23:39 pop-os-ubunty NetworkManager[1901]: <info>  [1547407419.1748] monitoring ifupdown state file '/run/network/ifstate'.
Jan 13 14:23:39 pop-os-ubunty accounts-daemon[1702]: started daemon version 0.6.40
Jan 13 14:23:39 pop-os-ubunty systemd[1]: Started Accounts Service.
Jan 13 14:23:39 pop-os-ubunty NetworkManager[1901]: <info>  [1547407419.1849] dns-mgr[0x9e7aa20]: set resolv-conf-mode: dnsmasq, plugin="dnsmasq"
Jan 13 14:23:39 pop-os-ubunty NetworkManager[1901]: <info>  [1547407419.1849] dns-mgr[0x9e7aa20]: using resolv.conf manager 'resolvconf'
Jan 13 14:23:39 pop-os-ubunty systemd[1]: Started Network Manager.
Jan 13 14:23:39 pop-os-ubunty dbus[1867]: [system] Activating via systemd: service name='org.freedesktop.nm_dispatcher' unit='dbus-org.freedesktop.nm-dispatcher.service'
Jan 13 14:23:39 pop-os-ubunty systemd[1]: Starting Network Manager Script Dispatcher Service...
Jan 13 14:23:39 pop-os-ubunty /usr/lib/snapd/snapd[1914]: daemon.go:213: DEBUG: adding /
Jan 13 14:23:39 pop-os-ubunty /usr/lib/snapd/snapd[1914]: daemon.go:213: DEBUG: adding /v2/system-info
Jan 13 14:23:39 pop-os-ubunty /usr/lib/snapd/snapd[1914]: daemon.go:213: DEBUG: adding /v2/login
Jan 13 14:23:39 pop-os-ubunty /usr/lib/snapd/snapd[1914]: daemon.go:213: DEBUG: adding /v2/logout
Jan 13 14:23:39 pop-os-ubunty /usr/lib/snapd/snapd[1914]: daemon.go:213: DEBUG: adding /v2/icons/{name}/icon
Jan 13 14:23:39 pop-os-ubunty /usr/lib/snapd/snapd[1914]: daemon.go:213: DEBUG: adding /v2/find
Jan 13 14:23:39 pop-os-ubunty /usr/lib/snapd/snapd[1914]: daemon.go:213: DEBUG: adding /v2/snaps
Jan 13 14:23:39 pop-os-ubunty /usr/lib/snapd/snapd[1914]: daemon.go:213: DEBUG: adding /v2/snaps/{name}
Jan 13 14:23:39 pop-os-ubunty /usr/lib/snapd/snapd[1914]: daemon.go:213: DEBUG: adding /v2/interfaces
Jan 13 14:23:39 pop-os-ubunty /usr/lib/snapd/snapd[1914]: daemon.go:213: DEBUG: adding /v2/assertions
Jan 13 14:23:39 pop-os-ubunty /usr/lib/snapd/snapd[1914]: daemon.go:213: DEBUG: adding /v2/assertions/{assertType}
Jan 13 14:23:39 pop-os-ubunty /usr/lib/snapd/snapd[1914]: daemon.go:213: DEBUG: adding /v2/events
Jan 13 14:23:39 pop-os-ubunty /usr/lib/snapd/snapd[1914]: daemon.go:213: DEBUG: adding /v2/changes/{id}
Jan 13 14:23:39 pop-os-ubunty /usr/lib/snapd/snapd[1914]: daemon.go:213: DEBUG: adding /v2/changes
Jan 13 14:23:39 pop-os-ubunty /usr/lib/snapd/snapd[1914]: daemon.go:213: DEBUG: adding /v2/create-user
Jan 13 14:23:39 pop-os-ubunty /usr/lib/snapd/snapd[1914]: daemon.go:203: DEBUG: init done in 3.703729ms
Jan 13 14:23:39 pop-os-ubunty dbus[1867]: [system] Successfully activated service 'org.freedesktop.nm_dispatcher'
Jan 13 14:23:39 pop-os-ubunty systemd[1]: Started Network Manager Script Dispatcher Service.
Jan 13 14:23:39 pop-os-ubunty NetworkManager[1901]: <info>  [1547407419.2890] init!
Jan 13 14:23:39 pop-os-ubunty NetworkManager[1901]: <info>  [1547407419.2899] management mode: unmanaged
Jan 13 14:23:39 pop-os-ubunty NetworkManager[1901]: <info>  [1547407419.2905] devices added (path: /sys/devices/pci0000:00/0000:00:03.0/net/enp0s3, iface: enp0s3)
Jan 13 14:23:39 pop-os-ubunty NetworkManager[1901]: <info>  [1547407419.2906] device added (path: /sys/devices/pci0000:00/0000:00:03.0/net/enp0s3, iface: enp0s3): no ifupdown configuration found.
Jan 13 14:23:39 pop-os-ubunty NetworkManager[1901]: <info>  [1547407419.2906] devices added (path: /sys/devices/virtual/net/lo, iface: lo)
Jan 13 14:23:39 pop-os-ubunty NetworkManager[1901]: <info>  [1547407419.2906] device added (path: /sys/devices/virtual/net/lo, iface: lo): no ifupdown configuration found.
Jan 13 14:23:39 pop-os-ubunty NetworkManager[1901]: <info>  [1547407419.2907] end _init.
Jan 13 14:23:39 pop-os-ubunty NetworkManager[1901]: <info>  [1547407419.2907] settings: loaded plugin ifupdown: (C) 2008 Canonical Ltd.  To report bugs please use the NetworkManager mailing list. (/usr/lib/i386-linux-gnu/NetworkManager/libnm-settings-plugin-ifupdown.so)
Jan 13 14:23:39 pop-os-ubunty NetworkManager[1901]: <info>  [1547407419.2908] settings: loaded plugin keyfile: (c) 2007 - 2015 Red Hat, Inc.  To report bugs please use the NetworkManager mailing list.
Jan 13 14:23:39 pop-os-ubunty NetworkManager[1901]: <info>  [1547407419.2953] SettingsPlugin-Ofono: init!
Jan 13 14:23:39 pop-os-ubunty NetworkManager[1901]: <warn>  [1547407419.2955] SettingsPlugin-Ofono: file doesn't exist: /var/lib/ofono
Jan 13 14:23:39 pop-os-ubunty NetworkManager[1901]: <info>  [1547407419.2956] SettingsPlugin-Ofono: end _init.
Jan 13 14:23:39 pop-os-ubunty NetworkManager[1901]: <info>  [1547407419.2957] settings: loaded plugin ofono: (C) 2013-2016 Canonical Ltd.  To report bugs please use the NetworkManager mailing list. (/usr/lib/i386-linux-gnu/NetworkManager/libnm-settings-plugin-ofono.so)
Jan 13 14:23:39 pop-os-ubunty NetworkManager[1901]: <info>  [1547407419.2957] (166268800) ... get_connections.
Jan 13 14:23:39 pop-os-ubunty NetworkManager[1901]: <info>  [1547407419.2957] (166268800) ... get_connections (managed=false): return empty list.
Jan 13 14:23:39 pop-os-ubunty NetworkManager[1901]: <info>  [1547407419.2968] SettingsPlugin-Ofono: (166303256) ... get_connections.
Jan 13 14:23:39 pop-os-ubunty NetworkManager[1901]: <info>  [1547407419.2968] SettingsPlugin-Ofono: (166303256) connections count: 0
Jan 13 14:23:39 pop-os-ubunty NetworkManager[1901]: <info>  [1547407419.2969] get unmanaged devices count: 0
Jan 13 14:23:39 pop-os-ubunty dbus[1867]: [system] Activating via systemd: service name='org.freedesktop.hostname1' unit='dbus-org.freedesktop.hostname1.service'
Jan 13 14:23:39 pop-os-ubunty systemd-udevd[798]: Process '/usr/sbin/alsactl -E HOME=/run/alsa restore 0' failed with exit code 99.
Jan 13 14:23:39 pop-os-ubunty systemd[1]: Starting Hostname Service...
Jan 13 14:23:39 pop-os-ubunty systemd[1]: Started Modem Manager.
Jan 13 14:23:39 pop-os-ubunty systemd[1]: Received SIGRTMIN+20 from PID 1163 (plymouthd).
Jan 13 14:23:39 pop-os-ubunty dbus[1867]: [system] Successfully activated service 'org.freedesktop.hostname1'
Jan 13 14:23:39 pop-os-ubunty systemd[1]: Started Hostname Service.
Jan 13 14:23:39 pop-os-ubunty NetworkManager[1901]: <info>  [1547407419.3304] settings: hostname: using hostnamed
Jan 13 14:23:39 pop-os-ubunty NetworkManager[1901]: <info>  [1547407419.3305] settings: hostname changed from (none) to "pop-os-ubunty"
Jan 13 14:23:39 pop-os-ubunty NetworkManager[1901]: <info>  [1547407419.3308] Using DHCP client 'dhclient'
Jan 13 14:23:39 pop-os-ubunty NetworkManager[1901]: <info>  [1547407419.3308] manager: WiFi enabled by radio killswitch; enabled by state file
Jan 13 14:23:39 pop-os-ubunty NetworkManager[1901]: <info>  [1547407419.3308] manager: WWAN enabled by radio killswitch; enabled by state file
Jan 13 14:23:39 pop-os-ubunty NetworkManager[1901]: <info>  [1547407419.3309] manager: Networking is enabled by state file
Jan 13 14:23:39 pop-os-ubunty NetworkManager[1901]: <info>  [1547407419.3309] Loaded device plugin: NMVxlanFactory (internal)
Jan 13 14:23:39 pop-os-ubunty NetworkManager[1901]: <info>  [1547407419.3309] Loaded device plugin: NMVlanFactory (internal)
Jan 13 14:23:39 pop-os-ubunty nm-dispatcher: req:1 'hostname': new request (1 scripts)
Jan 13 14:23:39 pop-os-ubunty NetworkManager[1901]: <info>  [1547407419.3309] Loaded device plugin: NMVethFactory (internal)
Jan 13 14:23:39 pop-os-ubunty nm-dispatcher: req:1 'hostname': start running ordered scripts...
Jan 13 14:23:39 pop-os-ubunty NetworkManager[1901]: <info>  [1547407419.3310] Loaded device plugin: NMTunFactory (internal)
Jan 13 14:23:39 pop-os-ubunty NetworkManager[1901]: <info>  [1547407419.3310] Loaded device plugin: NMMacvlanFactory (internal)
Jan 13 14:23:39 pop-os-ubunty apport[1691]:  * Starting automatic crash report generation: apport
Jan 13 14:23:39 pop-os-ubunty NetworkManager[1901]: <info>  [1547407419.3310] Loaded device plugin: NMIPTunnelFactory (internal)
Jan 13 14:23:39 pop-os-ubunty NetworkManager[1901]: <info>  [1547407419.3310] Loaded device plugin: NMInfinibandFactory (internal)
Jan 13 14:23:39 pop-os-ubunty NetworkManager[1901]: <info>  [1547407419.3310] Loaded device plugin: NMEthernetFactory (internal)
Jan 13 14:23:39 pop-os-ubunty NetworkManager[1901]: <info>  [1547407419.3310] Loaded device plugin: NMBridgeFactory (internal)
Jan 13 14:23:39 pop-os-ubunty NetworkManager[1901]: <info>  [1547407419.3310] Loaded device plugin: NMBondFactory (internal)
Jan 13 14:23:39 pop-os-ubunty speech-dispatcher[1802]:  * speech-dispatcher disabled; edit /etc/default/speech-dispatcher
Jan 13 14:23:39 pop-os-ubunty systemd[1]: Started LSB: Speech Dispatcher.
Jan 13 14:23:39 pop-os-ubunty irqbalance[1902]:  * Starting SMP IRQ Balancer: irqbalance
Jan 13 14:23:39 pop-os-ubunty systemd[1]: Started LSB: Set the CPU Frequency Scaling governor to "ondemand".
Jan 13 14:23:39 pop-os-ubunty apport[1691]:    ...done.
Jan 13 14:23:39 pop-os-ubunty NetworkManager[1901]: <info>  [1547407419.3447] Loaded device plugin: NMWwanFactory (/usr/lib/i386-linux-gnu/NetworkManager/libnm-device-plugin-wwan.so)
Jan 13 14:23:39 pop-os-ubunty systemd[1]: Started LSB: automatic crash report generation.
Jan 13 14:23:39 pop-os-ubunty irqbalance[1902]:    ...done.
Jan 13 14:23:39 pop-os-ubunty systemd[1]: Started LSB: daemon to balance interrupts for SMP systems.
Jan 13 14:23:39 pop-os-ubunty systemd[1]: Received SIGRTMIN+21 from PID 1163 (plymouthd).
Jan 13 14:23:39 pop-os-ubunty NetworkManager[1901]: <info>  [1547407419.3536] Loaded device plugin: NMAtmManager (/usr/lib/i386-linux-gnu/NetworkManager/libnm-device-plugin-adsl.so)
Jan 13 14:23:39 pop-os-ubunty systemd[1]: Started Raise network interfaces.
Jan 13 14:23:39 pop-os-ubunty systemd[1]: Reached target Network.
Jan 13 14:23:39 pop-os-ubunty NetworkManager[1901]: <info>  [1547407419.3684] Loaded device plugin: NMBluezManager (/usr/lib/i386-linux-gnu/NetworkManager/libnm-device-plugin-bluetooth.so)
Jan 13 14:23:39 pop-os-ubunty systemd[1]: Starting /etc/rc.local Compatibility...
Jan 13 14:23:39 pop-os-ubunty NetworkManager[1901]: <info>  [1547407419.3766] Loaded device plugin: NMWifiFactory (/usr/lib/i386-linux-gnu/NetworkManager/libnm-device-plugin-wifi.so)
Jan 13 14:23:39 pop-os-ubunty systemd[1]: Started LSB: Record successful boot for GRUB.
Jan 13 14:23:39 pop-os-ubunty NetworkManager[1901]: nm_device_get_device_type: assertion 'NM_IS_DEVICE (self)' failed
Jan 13 14:23:39 pop-os-ubunty NetworkManager[1901]: <info>  [1547407419.3795] device (lo): link connected
Jan 13 14:23:39 pop-os-ubunty systemd[1]: Started /etc/rc.local Compatibility.
Jan 13 14:23:39 pop-os-ubunty NetworkManager[1901]: <info>  [1547407419.3803] manager: (lo): new Generic device (/org/freedesktop/NetworkManager/Devices/0)
Jan 13 14:23:39 pop-os-ubunty systemd[1]: Started Light Display Manager.
Jan 13 14:23:39 pop-os-ubunty NetworkManager[1901]: <info>  [1547407419.3813] manager: (enp0s3): new Ethernet device (/org/freedesktop/NetworkManager/Devices/1)
Jan 13 14:23:39 pop-os-ubunty NetworkManager[1901]: <info>  [1547407419.3822] keyfile: add connection in-memory (c168b82b-62ab-46c2-a109-f0b5460e81dd,"Wired connection 1")
Jan 13 14:23:39 pop-os-ubunty NetworkManager[1901]: <info>  [1547407419.3825] settings: (enp0s3): created default wired connection 'Wired connection 1'
Jan 13 14:23:39 pop-os-ubunty NetworkManager[1901]: <info>  [1547407419.3832] device (enp0s3): state change: unmanaged -> unavailable (reason 'managed') [10 20 2]
Jan 13 14:23:39 pop-os-ubunty kernel: [    6.762650] IPv6: ADDRCONF(NETDEV_UP): enp0s3: link is not ready
Jan 13 14:23:39 pop-os-ubunty kernel: [    6.764015] IPv6: ADDRCONF(NETDEV_UP): enp0s3: link is not ready
Jan 13 14:23:39 pop-os-ubunty systemd[1]: Starting Hold until boot process finishes up...
Jan 13 14:23:39 pop-os-ubunty systemd[1]: Started Hold until boot process finishes up.
Jan 13 14:23:39 pop-os-ubunty kernel: [    6.765338] e1000: enp0s3 NIC Link is Up 1000 Mbps Full Duplex, Flow Control: RX
Jan 13 14:23:39 pop-os-ubunty kernel: [    6.765736] IPv6: ADDRCONF(NETDEV_CHANGE): enp0s3: link becomes ready
Jan 13 14:23:39 pop-os-ubunty systemd[1]: Started Getty on tty1.
Jan 13 14:23:39 pop-os-ubunty systemd[1]: Reached target Login Prompts.
Jan 13 14:23:39 pop-os-ubunty systemd[1]: Starting Set console scheme...
Jan 13 14:23:39 pop-os-ubunty systemd[1]: Reached target Multi-User System.
Jan 13 14:23:39 pop-os-ubunty systemd[1]: Reached target Graphical Interface.
Jan 13 14:23:39 pop-os-ubunty systemd[1]: Starting Update UTMP about System Runlevel Changes...
Jan 13 14:23:39 pop-os-ubunty NetworkManager[1901]: <info>  [1547407419.3983] device (enp0s3): link connected
Jan 13 14:23:39 pop-os-ubunty NetworkManager[1901]: <info>  [1547407419.3994] device (enp0s3): state change: unavailable -> disconnected (reason 'carrier-changed') [20 30 40]
Jan 13 14:23:39 pop-os-ubunty systemd[1]: Started Set console scheme.
Jan 13 14:23:39 pop-os-ubunty NetworkManager[1901]: <info>  [1547407419.4014] urfkill disappeared from the bus
Jan 13 14:23:39 pop-os-ubunty NetworkManager[1901]: <info>  [1547407419.4021] policy: auto-activating connection 'Wired connection 1'
Jan 13 14:23:39 pop-os-ubunty NetworkManager[1901]: <info>  [1547407419.4029] ModemManager available in the bus
Jan 13 14:23:39 pop-os-ubunty NetworkManager[1901]: <info>  [1547407419.4029] ofono is now available
Jan 13 14:23:39 pop-os-ubunty NetworkManager[1901]: <info>  [1547407419.4034] device (enp0s3): Activation: starting connection 'Wired connection 1' (c168b82b-62ab-46c2-a109-f0b5460e81dd)
Jan 13 14:23:39 pop-os-ubunty NetworkManager[1901]: <warn>  [1547407419.4035] failed to enumerate oFono devices: GDBus.Error:org.freedesktop.DBus.Error.ServiceUnknown: The name org.ofono was not provided by any .service files
Jan 13 14:23:39 pop-os-ubunty NetworkManager[1901]: <info>  [1547407419.4036] device (enp0s3): state change: disconnected -> prepare (reason 'none') [30 40 0]
Jan 13 14:23:39 pop-os-ubunty NetworkManager[1901]: <info>  [1547407419.4038] manager: NetworkManager state is now CONNECTING
Jan 13 14:23:39 pop-os-ubunty whoopsie[1832]: [14:23:39] offline
Jan 13 14:23:39 pop-os-ubunty NetworkManager[1901]: <info>  [1547407419.4044] device (enp0s3): state change: prepare -> config (reason 'none') [40 50 0]
Jan 13 14:23:39 pop-os-ubunty NetworkManager[1901]: <info>  [1547407419.4053] device (enp0s3): state change: config -> ip-config (reason 'none') [50 70 0]
Jan 13 14:23:39 pop-os-ubunty NetworkManager[1901]: <info>  [1547407419.4065] dhcp4 (enp0s3): activation: beginning transaction (timeout in 45 seconds)
Jan 13 14:23:39 pop-os-ubunty systemd[1]: Started Update UTMP about System Runlevel Changes.
Jan 13 14:23:39 pop-os-ubunty systemd[1]: Startup finished in 4.372s (kernel) + 2.198s (userspace) = 6.571s.
Jan 13 14:23:39 pop-os-ubunty NetworkManager[1901]: <info>  [1547407419.4132] dhcp4 (enp0s3): dhclient started with pid 2055
Jan 13 14:23:39 pop-os-ubunty dhclient[2055]: DHCPDISCOVER on enp0s3 to 255.255.255.255 port 67 interval 3 (xid=0x2a647d2c)
Jan 13 14:23:39 pop-os-ubunty dhclient[2055]: DHCPREQUEST of 10.0.2.15 on enp0s3 to 255.255.255.255 port 67 (xid=0x2c7d642a)
Jan 13 14:23:39 pop-os-ubunty dhclient[2055]: DHCPOFFER of 10.0.2.15 from 10.0.2.2
Jan 13 14:23:39 pop-os-ubunty dhclient[2055]: DHCPACK of 10.0.2.15 from 10.0.2.2
Jan 13 14:23:39 pop-os-ubunty NetworkManager[1901]: <info>  [1547407419.4655]   address 10.0.2.15
Jan 13 14:23:39 pop-os-ubunty NetworkManager[1901]: <info>  [1547407419.4655]   plen 24 (255.255.255.0)
Jan 13 14:23:39 pop-os-ubunty NetworkManager[1901]: <info>  [1547407419.4655]   gateway 10.0.2.2
Jan 13 14:23:39 pop-os-ubunty NetworkManager[1901]: <info>  [1547407419.4655]   server identifier 10.0.2.2
Jan 13 14:23:39 pop-os-ubunty avahi-daemon[1725]: Joining mDNS multicast group on interface enp0s3.IPv4 with address 10.0.2.15.
Jan 13 14:23:39 pop-os-ubunty NetworkManager[1901]: <info>  [1547407419.4656]   lease time 86400
Jan 13 14:23:39 pop-os-ubunty NetworkManager[1901]: <info>  [1547407419.4656]   nameserver '10.0.2.3'
Jan 13 14:23:39 pop-os-ubunty NetworkManager[1901]: <info>  [1547407419.4656]   domain name 'dyn.wpi.edu'
Jan 13 14:23:39 pop-os-ubunty NetworkManager[1901]: <info>  [1547407419.4656] dhcp4 (enp0s3): state changed unknown -> bound
Jan 13 14:23:39 pop-os-ubunty avahi-daemon[1725]: New relevant interface enp0s3.IPv4 for mDNS.
Jan 13 14:23:39 pop-os-ubunty NetworkManager[1901]: <info>  [1547407419.4674] device (enp0s3): state change: ip-config -> ip-check (reason 'none') [70 80 0]
Jan 13 14:23:39 pop-os-ubunty avahi-daemon[1725]: Registering new address record for 10.0.2.15 on enp0s3.IPv4.
Jan 13 14:23:39 pop-os-ubunty NetworkManager[1901]: <info>  [1547407419.4685] device (enp0s3): state change: ip-check -> secondaries (reason 'none') [80 90 0]
Jan 13 14:23:39 pop-os-ubunty NetworkManager[1901]: <info>  [1547407419.4689] device (enp0s3): state change: secondaries -> activated (reason 'none') [90 100 0]
Jan 13 14:23:39 pop-os-ubunty NetworkManager[1901]: <info>  [1547407419.4691] manager: NetworkManager state is now CONNECTED_LOCAL
Jan 13 14:23:39 pop-os-ubunty NetworkManager[1901]: <info>  [1547407419.4695] manager: NetworkManager state is now CONNECTED_GLOBAL
Jan 13 14:23:39 pop-os-ubunty NetworkManager[1901]: <info>  [1547407419.4696] policy: set 'Wired connection 1' (enp0s3) as default for IPv4 routing and DNS
Jan 13 14:23:39 pop-os-ubunty NetworkManager[1901]: <info>  [1547407419.4709] DNS: starting dnsmasq...
Jan 13 14:23:39 pop-os-ubunty dhclient[2055]: bound to 10.0.2.15 -- renewal in 35901 seconds.
Jan 13 14:23:39 pop-os-ubunty NetworkManager[1901]: <warn>  [1547407419.4818] dnsmasq[0x9e737d0]: dnsmasq not found on the bus. The nameserver update will be sent when dnsmasq appears
Jan 13 14:23:39 pop-os-ubunty NetworkManager[1901]: <info>  [1547407419.4818] dns-mgr: Writing DNS information to /sbin/resolvconf
Jan 13 14:23:39 pop-os-ubunty whoopsie[1832]: [14:23:39] Cannot reach: https://daisy.ubuntu.com
Jan 13 14:23:39 pop-os-ubunty dnsmasq[2067]: started, version 2.75 cache disabled
Jan 13 14:23:39 pop-os-ubunty dnsmasq[2067]: compile time options: IPv6 GNU-getopt DBus i18n IDN DHCP DHCPv6 no-Lua TFTP conntrack ipset auth DNSSEC loop-detect inotify
Jan 13 14:23:39 pop-os-ubunty dnsmasq[2067]: DBus support enabled: connected to system bus
Jan 13 14:23:39 pop-os-ubunty dnsmasq[2067]: warning: no upstream servers configured
Jan 13 14:23:39 pop-os-ubunty NetworkManager[1901]: <info>  [1547407419.6882] device (enp0s3): Activation: successful, device activated.
Jan 13 14:23:39 pop-os-ubunty nm-dispatcher: req:2 'up' [enp0s3]: new request (1 scripts)
Jan 13 14:23:39 pop-os-ubunty nm-dispatcher: req:2 'up' [enp0s3]: start running ordered scripts...
Jan 13 14:23:39 pop-os-ubunty NetworkManager[1901]: <info>  [1547407419.6947] dnsmasq[0x9e737d0]: dnsmasq appeared as :1.18
Jan 13 14:23:39 pop-os-ubunty NetworkManager[1901]: <info>  [1547407419.6952] dns-mgr: Writing DNS information to /sbin/resolvconf
Jan 13 14:23:39 pop-os-ubunty dnsmasq[2067]: setting upstream servers from DBus
Jan 13 14:23:39 pop-os-ubunty dnsmasq[2067]: using nameserver 10.0.2.3#53
Jan 13 14:23:39 pop-os-ubunty whoopsie[1832]: [14:23:39] The default IPv4 route is: /org/freedesktop/NetworkManager/ActiveConnection/0
Jan 13 14:23:39 pop-os-ubunty whoopsie[1832]: [14:23:39] Not a paid data plan: /org/freedesktop/NetworkManager/ActiveConnection/0
Jan 13 14:23:39 pop-os-ubunty whoopsie[1832]: [14:23:39] Found usable connection: /org/freedesktop/NetworkManager/ActiveConnection/0
Jan 13 14:23:39 pop-os-ubunty whoopsie[1832]: [14:23:39] online
Jan 13 14:23:39 pop-os-ubunty systemd[1]: Created slice User Slice of jcharante.
Jan 13 14:23:40 pop-os-ubunty systemd[1]: Started Session c1 of user jcharante.
Jan 13 14:23:40 pop-os-ubunty systemd[1]: Starting User Manager for UID 1000...
Jan 13 14:23:40 pop-os-ubunty systemd[2234]: Reached target Sockets.
Jan 13 14:23:40 pop-os-ubunty systemd[2234]: Reached target Paths.
Jan 13 14:23:40 pop-os-ubunty systemd[2234]: Reached target Timers.
Jan 13 14:23:40 pop-os-ubunty systemd[2234]: Reached target Basic System.
Jan 13 14:23:40 pop-os-ubunty systemd[2234]: Reached target Default.
Jan 13 14:23:40 pop-os-ubunty systemd[2234]: Startup finished in 52ms.
Jan 13 14:23:40 pop-os-ubunty systemd[1]: Started User Manager for UID 1000.
Jan 13 14:23:40 pop-os-ubunty org.ayatana.bamf[2332]: bamfdaemon start/running, process 2409
Jan 13 14:23:41 pop-os-ubunty avahi-daemon[1725]: Joining mDNS multicast group on interface enp0s3.IPv6 with address fe80::59d8:99f8:e5d:144c.
Jan 13 14:23:41 pop-os-ubunty avahi-daemon[1725]: New relevant interface enp0s3.IPv6 for mDNS.
Jan 13 14:23:41 pop-os-ubunty avahi-daemon[1725]: Registering new address record for fe80::59d8:99f8:e5d:144c on enp0s3.*.
Jan 13 14:23:41 pop-os-ubunty org.a11y.Bus[2332]: ** (process:2437): WARNING **: Failed to register client: GDBus.Error:org.freedesktop.DBus.Error.ServiceUnknown: The name org.gnome.SessionManager was not provided by any .service files
Jan 13 14:23:41 pop-os-ubunty org.a11y.Bus[2332]: Activating service name='org.a11y.atspi.Registry'
Jan 13 14:23:41 pop-os-ubunty org.a11y.Bus[2332]: Successfully activated service 'org.a11y.atspi.Registry'
Jan 13 14:23:41 pop-os-ubunty org.a11y.atspi.Registry[2451]: SpiRegistry daemon is running with well-known name - org.a11y.atspi.Registry
Jan 13 14:23:41 pop-os-ubunty kernel: [    8.613293] floppy0: no floppy controllers found
Jan 13 14:23:41 pop-os-ubunty ModemManager[1722]: <info>  Couldn't find support for device at '/sys/devices/pci0000:00/0000:00:03.0': not supported by any plugin
Jan 13 14:23:43 pop-os-ubunty dbus[1867]: [system] Activating via systemd: service name='org.freedesktop.UPower' unit='upower.service'
Jan 13 14:23:43 pop-os-ubunty systemd[1]: Starting Daemon for power management...
Jan 13 14:23:43 pop-os-ubunty gnome-session[2551]: gnome-session-is-accelerated: llvmpipe detected.
Jan 13 14:23:43 pop-os-ubunty dbus[1867]: [system] Activating via systemd: service name='org.bluez' unit='dbus-org.bluez.service'
Jan 13 14:23:44 pop-os-ubunty org.gnome.ScreenSaver[2332]: ** (gnome-screensaver:2622): WARNING **: Couldn't get presence status: The name org.gnome.SessionManager was not provided by any .service files
Jan 13 14:23:44 pop-os-ubunty dbus[1867]: [system] Activating via systemd: service name='org.freedesktop.RealtimeKit1' unit='rtkit-daemon.service'
Jan 13 14:23:44 pop-os-ubunty org.gnome.ScreenSaver[2332]: ** (gnome-screensaver:2622): WARNING **: Config key not handled: picture-opacity
Jan 13 14:23:44 pop-os-ubunty org.gnome.ScreenSaver[2332]: ** (gnome-screensaver:2622): WARNING **: Config key not handled: primary-color
Jan 13 14:23:44 pop-os-ubunty org.gnome.ScreenSaver[2332]: ** (gnome-screensaver:2622): WARNING **: Config key not handled: secondary-color
Jan 13 14:23:44 pop-os-ubunty org.gnome.ScreenSaver[2332]: ** (gnome-screensaver:2622): WARNING **: Config key not handled: color-shading-type
Jan 13 14:23:44 pop-os-ubunty org.gnome.ScreenSaver[2332]: ** (gnome-screensaver:2622): WARNING **: Config key not handled: show-notifications
Jan 13 14:23:44 pop-os-ubunty org.gnome.ScreenSaver[2332]: ** (gnome-screensaver:2622): WARNING **: Config key not handled: picture-options
Jan 13 14:23:44 pop-os-ubunty org.gnome.ScreenSaver[2332]: ** (gnome-screensaver:2622): WARNING **: Config key not handled: show-full-name-in-top-bar
Jan 13 14:23:44 pop-os-ubunty org.gnome.ScreenSaver[2332]: ** (gnome-screensaver:2622): WARNING **: Config key not handled: picture-uri
Jan 13 14:23:44 pop-os-ubunty org.gnome.ScreenSaver[2332]: ** (gnome-screensaver:2622): WARNING **: Config key not handled: disable-command-line
Jan 13 14:23:44 pop-os-ubunty org.gnome.ScreenSaver[2332]: ** (gnome-screensaver:2622): WARNING **: Config key not handled: disable-application-handlers
Jan 13 14:23:44 pop-os-ubunty org.gnome.ScreenSaver[2332]: ** (gnome-screensaver:2622): WARNING **: Config key not handled: user-administration-disabled
Jan 13 14:23:44 pop-os-ubunty org.gnome.ScreenSaver[2332]: ** (gnome-screensaver:2622): WARNING **: Config key not handled: disable-printing
Jan 13 14:23:44 pop-os-ubunty org.gnome.ScreenSaver[2332]: ** (gnome-screensaver:2622): WARNING **: Config key not handled: disable-log-out
Jan 13 14:23:44 pop-os-ubunty org.gnome.ScreenSaver[2332]: ** (gnome-screensaver:2622): WARNING **: Config key not handled: disable-print-setup
Jan 13 14:23:44 pop-os-ubunty org.gnome.ScreenSaver[2332]: ** (gnome-screensaver:2622): WARNING **: Config key not handled: disable-save-to-disk
Jan 13 14:23:44 pop-os-ubunty systemd[1]: Starting RealtimeKit Scheduling Policy Service...
Jan 13 14:23:44 pop-os-ubunty dbus[1867]: [system] Successfully activated service 'org.freedesktop.RealtimeKit1'
Jan 13 14:23:44 pop-os-ubunty rtkit-daemon[2661]: Successfully called chroot.
Jan 13 14:23:44 pop-os-ubunty rtkit-daemon[2661]: Successfully dropped privileges.
Jan 13 14:23:44 pop-os-ubunty systemd[1]: Started RealtimeKit Scheduling Policy Service.
Jan 13 14:23:44 pop-os-ubunty rtkit-daemon[2661]: Successfully limited resources.
Jan 13 14:23:44 pop-os-ubunty rtkit-daemon[2661]: Running.
Jan 13 14:23:44 pop-os-ubunty rtkit-daemon[2661]: Canary thread running.
Jan 13 14:23:44 pop-os-ubunty rtkit-daemon[2661]: Watchdog thread running.
Jan 13 14:23:44 pop-os-ubunty rtkit-daemon[2661]: Successfully made thread 2657 of process 2657 (n/a) owned by '1000' high priority at nice level -11.
Jan 13 14:23:44 pop-os-ubunty rtkit-daemon[2661]: Supervising 1 threads of 1 processes of 1 users.
Jan 13 14:23:44 pop-os-ubunty dbus[1867]: [system] Successfully activated service 'org.freedesktop.UPower'
Jan 13 14:23:44 pop-os-ubunty systemd[1]: Started Daemon for power management.
Jan 13 14:23:44 pop-os-ubunty gnome-session[2551]: SSH_AUTH_SOCK=/run/user/1000/keyring/ssh
Jan 13 14:23:44 pop-os-ubunty gnome-session[2551]: SSH_AUTH_SOCK=/run/user/1000/keyring/ssh
Jan 13 14:23:44 pop-os-ubunty gnome-session[2551]: SSH_AUTH_SOCK=/run/user/1000/keyring/ssh
Jan 13 14:23:44 pop-os-ubunty pulseaudio[2657]: [pulseaudio] alsa-util.c: Disabling timer-based scheduling because running inside a VM.
Jan 13 14:23:44 pop-os-ubunty pulseaudio[2657]: [pulseaudio] sink.c: Default and alternate sample rates are the same.
Jan 13 14:23:44 pop-os-ubunty rtkit-daemon[2661]: Supervising 1 threads of 1 processes of 1 users.
Jan 13 14:23:44 pop-os-ubunty rtkit-daemon[2661]: Successfully made thread 2703 of process 2657 (n/a) owned by '1000' RT at priority 5.
Jan 13 14:23:44 pop-os-ubunty rtkit-daemon[2661]: Supervising 2 threads of 1 processes of 1 users.
Jan 13 14:23:44 pop-os-ubunty pulseaudio[2657]: [pulseaudio] alsa-util.c: Disabling timer-based scheduling because running inside a VM.
Jan 13 14:23:44 pop-os-ubunty rtkit-daemon[2661]: Supervising 2 threads of 1 processes of 1 users.
Jan 13 14:23:44 pop-os-ubunty rtkit-daemon[2661]: Successfully made thread 2704 of process 2657 (n/a) owned by '1000' RT at priority 5.
Jan 13 14:23:44 pop-os-ubunty rtkit-daemon[2661]: Supervising 3 threads of 1 processes of 1 users.
Jan 13 14:23:44 pop-os-ubunty pulseaudio[2657]: [pulseaudio] authkey.c: Failed to open cookie file '/home/jcharante/.config/pulse/cookie': No such file or directory
Jan 13 14:23:44 pop-os-ubunty pulseaudio[2657]: [pulseaudio] authkey.c: Failed to load authentication key '/home/jcharante/.config/pulse/cookie': No such file or directory
Jan 13 14:23:44 pop-os-ubunty pulseaudio[2657]: [pulseaudio] authkey.c: Failed to open cookie file '/home/jcharante/.pulse-cookie': No such file or directory
Jan 13 14:23:44 pop-os-ubunty pulseaudio[2657]: [pulseaudio] authkey.c: Failed to load authentication key '/home/jcharante/.pulse-cookie': No such file or directory
Jan 13 14:23:44 pop-os-ubunty dbus[1867]: [system] Activating via systemd: service name='org.freedesktop.ColorManager' unit='colord.service'
Jan 13 14:23:44 pop-os-ubunty systemd[1]: Starting Manage, Install and Generate Color Profiles...
Jan 13 14:23:44 pop-os-ubunty rtkit-daemon[2661]: Successfully made thread 2709 of process 2709 (n/a) owned by '1000' high priority at nice level -11.
Jan 13 14:23:44 pop-os-ubunty rtkit-daemon[2661]: Supervising 4 threads of 2 processes of 1 users.
Jan 13 14:23:44 pop-os-ubunty pulseaudio[2709]: [pulseaudio] pid.c: Daemon already running.
Jan 13 14:23:44 pop-os-ubunty dbus[1867]: [system] Activating via systemd: service name='org.freedesktop.locale1' unit='dbus-org.freedesktop.locale1.service'
Jan 13 14:23:44 pop-os-ubunty colord[2705]: (colord:2705): Cd-WARNING **: failed to get edid data: EDID length is too small
Jan 13 14:23:44 pop-os-ubunty systemd[1]: Starting Locale Service...
Jan 13 14:23:44 pop-os-ubunty dbus[1867]: [system] Successfully activated service 'org.freedesktop.ColorManager'
Jan 13 14:23:44 pop-os-ubunty systemd[1]: Started Manage, Install and Generate Color Profiles.
Jan 13 14:23:44 pop-os-ubunty dbus[1867]: [system] Successfully activated service 'org.freedesktop.locale1'
Jan 13 14:23:44 pop-os-ubunty systemd[1]: Started Locale Service.
Jan 13 14:23:44 pop-os-ubunty gnome-session-binary[2551]: Entering running state
Jan 13 14:23:44 pop-os-ubunty gnome-session[2551]: (process:2732): indicator-application-service-WARNING **: Unable to get watcher name 'org.kde.StatusNotifierWatcher'
Jan 13 14:23:44 pop-os-ubunty gnome-session[2551]: (process:2732): indicator-application-service-WARNING **: Name Lost
